[Fri Feb 24 09:33:02 2023] Initializing cgroup subsys cpuset
[Fri Feb 24 09:33:02 2023] Initializing cgroup subsys cpu
[Fri Feb 24 09:33:02 2023] Initializing cgroup subsys cpuacct
[Fri Feb 24 09:33:02 2023] Linux version 3.10.0-1160.83.1.el7.x86_64 (mockbuild@kbuilder.bsys.centos.org) (gcc version 4.8.5 20150623 (Red Hat 4.8.5-44) (GCC) ) #1 SMP Wed Jan 25 16:41:43 UTC 2023
[Fri Feb 24 09:33:02 2023] Command line: BOOT_IMAGE=/vmlinuz-3.10.0-1160.83.1.el7.x86_64 root=/dev/mapper/centos-root ro crashkernel=auto rd.lvm.lv=centos/root rd.lvm.lv=centos/swap rhgb quiet LANG=en_US.UTF-8
[Fri Feb 24 09:33:02 2023] e820: BIOS-provided physical RAM map:
[Fri Feb 24 09:33:02 2023] BIOS-e820: [mem 0x0000000000000000-0x000000000009efff] usable
[Fri Feb 24 09:33:02 2023] BIOS-e820: [mem 0x000000000009f000-0x00000000000fffff] reserved
[Fri Feb 24 09:33:02 2023] BIOS-e820: [mem 0x0000000000100000-0x00000000c26aafff] usable
[Fri Feb 24 09:33:02 2023] BIOS-e820: [mem 0x00000000c26ab000-0x00000000c398efff] reserved
[Fri Feb 24 09:33:02 2023] BIOS-e820: [mem 0x00000000c398f000-0x00000000c3b8efff] ACPI NVS
[Fri Feb 24 09:33:02 2023] BIOS-e820: [mem 0x00000000c3b8f000-0x00000000c3c0efff] ACPI data
[Fri Feb 24 09:33:02 2023] BIOS-e820: [mem 0x00000000c3c0f000-0x00000000c3c0ffff] usable
[Fri Feb 24 09:33:02 2023] BIOS-e820: [mem 0x00000000c3c10000-0x00000000cc7fffff] reserved
[Fri Feb 24 09:33:02 2023] BIOS-e820: [mem 0x00000000fe010000-0x00000000fe010fff] reserved
[Fri Feb 24 09:33:02 2023] BIOS-e820: [mem 0x00000000ff000000-0x00000000ffffffff] reserved
[Fri Feb 24 09:33:02 2023] BIOS-e820: [mem 0x0000000100000000-0x000000082f7fffff] usable
[Fri Feb 24 09:33:02 2023] NX (Execute Disable) protection: active
[Fri Feb 24 09:33:02 2023] efi: EFI v2.60 by HP
[Fri Feb 24 09:33:02 2023] efi:  ACPI=0xc3c0e000  ACPI 2.0=0xc3c0e014  SMBIOS=0xc2e75000  ESRT=0xc2e8a598  MOKvar=0xc2e6e000 
[Fri Feb 24 09:33:02 2023] efi: mem00: type=7, attr=0xf, range=[0x0000000000000000-0x000000000009f000) (0MB)
[Fri Feb 24 09:33:02 2023] efi: mem01: type=0, attr=0xf, range=[0x000000000009f000-0x00000000000a0000) (0MB)
[Fri Feb 24 09:33:02 2023] efi: mem02: type=2, attr=0xf, range=[0x0000000000100000-0x0000000000101000) (0MB)
[Fri Feb 24 09:33:02 2023] efi: mem03: type=7, attr=0xf, range=[0x0000000000101000-0x0000000001000000) (14MB)
[Fri Feb 24 09:33:02 2023] efi: mem04: type=1, attr=0xf, range=[0x0000000001000000-0x0000000001022000) (0MB)
[Fri Feb 24 09:33:02 2023] efi: mem05: type=7, attr=0xf, range=[0x0000000001022000-0x0000000001200000) (1MB)
[Fri Feb 24 09:33:02 2023] efi: mem06: type=2, attr=0xf, range=[0x0000000001200000-0x0000000003362000) (33MB)
[Fri Feb 24 09:33:02 2023] efi: mem07: type=7, attr=0xf, range=[0x0000000003362000-0x000000003bf42000) (907MB)
[Fri Feb 24 09:33:02 2023] efi: mem08: type=2, attr=0xf, range=[0x000000003bf42000-0x0000000040000000) (64MB)
[Fri Feb 24 09:33:02 2023] efi: mem09: type=7, attr=0xf, range=[0x0000000040000000-0x000000007aff6000) (943MB)
[Fri Feb 24 09:33:02 2023] efi: mem10: type=2, attr=0xf, range=[0x000000007aff6000-0x00000000a8f9c000) (735MB)
[Fri Feb 24 09:33:02 2023] efi: mem11: type=4, attr=0xf, range=[0x00000000a8f9c000-0x00000000a8fbc000) (0MB)
[Fri Feb 24 09:33:02 2023] efi: mem12: type=7, attr=0xf, range=[0x00000000a8fbc000-0x00000000aab4c000) (27MB)
[Fri Feb 24 09:33:02 2023] efi: mem13: type=1, attr=0xf, range=[0x00000000aab4c000-0x00000000aac5e000) (1MB)
[Fri Feb 24 09:33:02 2023] efi: mem14: type=2, attr=0xf, range=[0x00000000aac5e000-0x00000000aad71000) (1MB)
[Fri Feb 24 09:33:02 2023] efi: mem15: type=1, attr=0xf, range=[0x00000000aad71000-0x00000000aae8b000) (1MB)
[Fri Feb 24 09:33:02 2023] efi: mem16: type=4, attr=0xf, range=[0x00000000aae8b000-0x00000000ab0ae000) (2MB)
[Fri Feb 24 09:33:02 2023] efi: mem17: type=3, attr=0xf, range=[0x00000000ab0ae000-0x00000000ab0c8000) (0MB)
[Fri Feb 24 09:33:02 2023] efi: mem18: type=4, attr=0xf, range=[0x00000000ab0c8000-0x00000000aea10000) (57MB)
[Fri Feb 24 09:33:02 2023] efi: mem19: type=3, attr=0xf, range=[0x00000000aea10000-0x00000000aea5b000) (0MB)
[Fri Feb 24 09:33:02 2023] efi: mem20: type=4, attr=0xf, range=[0x00000000aea5b000-0x00000000aea75000) (0MB)
[Fri Feb 24 09:33:02 2023] efi: mem21: type=3, attr=0xf, range=[0x00000000aea75000-0x00000000aea93000) (0MB)
[Fri Feb 24 09:33:02 2023] efi: mem22: type=7, attr=0xf, range=[0x00000000aea93000-0x00000000aeb00000) (0MB)
[Fri Feb 24 09:33:02 2023] efi: mem23: type=4, attr=0xf, range=[0x00000000aeb00000-0x00000000b0f00000) (36MB)
[Fri Feb 24 09:33:02 2023] efi: mem24: type=7, attr=0xf, range=[0x00000000b0f00000-0x00000000b0f71000) (0MB)
[Fri Feb 24 09:33:02 2023] efi: mem25: type=2, attr=0xf, range=[0x00000000b0f71000-0x00000000b0f72000) (0MB)
[Fri Feb 24 09:33:02 2023] efi: mem26: type=7, attr=0xf, range=[0x00000000b0f72000-0x00000000b0f77000) (0MB)
[Fri Feb 24 09:33:02 2023] efi: mem27: type=2, attr=0xf, range=[0x00000000b0f77000-0x00000000b0f78000) (0MB)
[Fri Feb 24 09:33:02 2023] efi: mem28: type=7, attr=0xf, range=[0x00000000b0f78000-0x00000000b0f79000) (0MB)
[Fri Feb 24 09:33:02 2023] efi: mem29: type=2, attr=0xf, range=[0x00000000b0f79000-0x00000000b0f7b000) (0MB)
[Fri Feb 24 09:33:02 2023] efi: mem30: type=7, attr=0xf, range=[0x00000000b0f7b000-0x00000000b0f7c000) (0MB)
[Fri Feb 24 09:33:02 2023] efi: mem31: type=2, attr=0xf, range=[0x00000000b0f7c000-0x00000000b0f93000) (0MB)
[Fri Feb 24 09:33:02 2023] efi: mem32: type=4, attr=0xf, range=[0x00000000b0f93000-0x00000000b0f94000) (0MB)
[Fri Feb 24 09:33:02 2023] efi: mem33: type=3, attr=0xf, range=[0x00000000b0f94000-0x00000000b0f9c000) (0MB)
[Fri Feb 24 09:33:02 2023] efi: mem34: type=2, attr=0xf, range=[0x00000000b0f9c000-0x00000000b0fab000) (0MB)
[Fri Feb 24 09:33:02 2023] efi: mem35: type=7, attr=0xf, range=[0x00000000b0fab000-0x00000000bdf9f000) (207MB)
[Fri Feb 24 09:33:02 2023] efi: mem36: type=4, attr=0xf, range=[0x00000000bdf9f000-0x00000000be000000) (0MB)
[Fri Feb 24 09:33:02 2023] efi: mem37: type=7, attr=0xf, range=[0x00000000be000000-0x00000000be00f000) (0MB)
[Fri Feb 24 09:33:02 2023] efi: mem38: type=4, attr=0xf, range=[0x00000000be00f000-0x00000000be04f000) (0MB)
[Fri Feb 24 09:33:02 2023] efi: mem39: type=7, attr=0xf, range=[0x00000000be04f000-0x00000000be064000) (0MB)
[Fri Feb 24 09:33:02 2023] efi: mem40: type=4, attr=0xf, range=[0x00000000be064000-0x00000000be879000) (8MB)
[Fri Feb 24 09:33:02 2023] efi: mem41: type=7, attr=0xf, range=[0x00000000be879000-0x00000000be8cb000) (0MB)
[Fri Feb 24 09:33:02 2023] efi: mem42: type=4, attr=0xf, range=[0x00000000be8cb000-0x00000000be923000) (0MB)
[Fri Feb 24 09:33:02 2023] efi: mem43: type=7, attr=0xf, range=[0x00000000be923000-0x00000000be926000) (0MB)
[Fri Feb 24 09:33:02 2023] efi: mem44: type=4, attr=0xf, range=[0x00000000be926000-0x00000000beb14000) (1MB)
[Fri Feb 24 09:33:02 2023] efi: mem45: type=7, attr=0xf, range=[0x00000000beb14000-0x00000000beb15000) (0MB)
[Fri Feb 24 09:33:02 2023] efi: mem46: type=4, attr=0xf, range=[0x00000000beb15000-0x00000000c0eab000) (35MB)
[Fri Feb 24 09:33:02 2023] efi: mem47: type=7, attr=0xf, range=[0x00000000c0eab000-0x00000000c11df000) (3MB)
[Fri Feb 24 09:33:02 2023] efi: mem48: type=3, attr=0xf, range=[0x00000000c11df000-0x00000000c26ab000) (20MB)
[Fri Feb 24 09:33:02 2023] efi: mem49: type=5, attr=0x800000000000000f, range=[0x00000000c26ab000-0x00000000c2bab000) (5MB)
[Fri Feb 24 09:33:02 2023] efi: mem50: type=6, attr=0x800000000000000f, range=[0x00000000c2bab000-0x00000000c2e8f000) (2MB)
[Fri Feb 24 09:33:02 2023] efi: mem51: type=0, attr=0xf, range=[0x00000000c2e8f000-0x00000000c398f000) (11MB)
[Fri Feb 24 09:33:02 2023] efi: mem52: type=10, attr=0xf, range=[0x00000000c398f000-0x00000000c3b8f000) (2MB)
[Fri Feb 24 09:33:02 2023] efi: mem53: type=9, attr=0xf, range=[0x00000000c3b8f000-0x00000000c3c0f000) (0MB)
[Fri Feb 24 09:33:02 2023] efi: mem54: type=4, attr=0xf, range=[0x00000000c3c0f000-0x00000000c3c10000) (0MB)
[Fri Feb 24 09:33:02 2023] efi: mem55: type=7, attr=0xf, range=[0x0000000100000000-0x000000082f800000) (29432MB)
[Fri Feb 24 09:33:02 2023] efi: mem56: type=0, attr=0x0, range=[0x00000000000a0000-0x0000000000100000) (0MB)
[Fri Feb 24 09:33:02 2023] efi: mem57: type=0, attr=0xf, range=[0x00000000c3c10000-0x00000000c4000000) (3MB)
[Fri Feb 24 09:33:02 2023] efi: mem58: type=0, attr=0x0, range=[0x00000000c4000000-0x00000000cc800000) (136MB)
[Fri Feb 24 09:33:02 2023] efi: mem59: type=11, attr=0x8000000000000001, range=[0x00000000fe010000-0x00000000fe011000) (0MB)
[Fri Feb 24 09:33:02 2023] efi: mem60: type=11, attr=0x8000000000000001, range=[0x00000000ff000000-0x0000000100000000) (16MB)
[Fri Feb 24 09:33:02 2023] esrt: Reserving ESRT space from 0x00000000c2e8a598 to 0x00000000c2e8a5d0.
[Fri Feb 24 09:33:02 2023] SMBIOS 3.1 present.
[Fri Feb 24 09:33:02 2023] DMI: HP HP EliteDesk 800 G5 TWR/8591, BIOS R01 Ver. 02.15.00 09/19/2022
[Fri Feb 24 09:33:02 2023] e820: update [mem 0x00000000-0x00000fff] usable ==> reserved
[Fri Feb 24 09:33:02 2023] e820: remove [mem 0x000a0000-0x000fffff] usable
[Fri Feb 24 09:33:02 2023] e820: last_pfn = 0x82f800 max_arch_pfn = 0x400000000
[Fri Feb 24 09:33:02 2023] MTRR default type: write-back
[Fri Feb 24 09:33:02 2023] MTRR fixed ranges enabled:
[Fri Feb 24 09:33:02 2023]   00000-9FFFF write-back
[Fri Feb 24 09:33:02 2023]   A0000-BFFFF uncachable
[Fri Feb 24 09:33:02 2023]   C0000-FFFFF write-protect
[Fri Feb 24 09:33:02 2023] MTRR variable ranges enabled:
[Fri Feb 24 09:33:02 2023]   0 base 00E0000000 mask 7FE0000000 uncachable
[Fri Feb 24 09:33:02 2023]   1 base 00D0000000 mask 7FF0000000 uncachable
[Fri Feb 24 09:33:02 2023]   2 base 00C8000000 mask 7FF8000000 uncachable
[Fri Feb 24 09:33:02 2023]   3 base 2000000000 mask 6000000000 uncachable
[Fri Feb 24 09:33:02 2023]   4 base 1000000000 mask 7000000000 uncachable
[Fri Feb 24 09:33:02 2023]   5 base 4000000000 mask 4000000000 uncachable
[Fri Feb 24 09:33:02 2023]   6 disabled
[Fri Feb 24 09:33:02 2023]   7 disabled
[Fri Feb 24 09:33:02 2023]   8 disabled
[Fri Feb 24 09:33:02 2023]   9 disabled
[Fri Feb 24 09:33:02 2023] PAT configuration [0-7]: WB  WC  UC- UC  WB  WP  UC- UC  
[Fri Feb 24 09:33:02 2023] e820: last_pfn = 0xc3c10 max_arch_pfn = 0x400000000
[Fri Feb 24 09:33:02 2023] Base memory trampoline at [ffff890580099000] 99000 size 24576
[Fri Feb 24 09:33:02 2023] Using GB pages for direct mapping
[Fri Feb 24 09:33:02 2023] BRK [0x2b6ca5000, 0x2b6ca5fff] PGTABLE
[Fri Feb 24 09:33:02 2023] BRK [0x2b6ca6000, 0x2b6ca6fff] PGTABLE
[Fri Feb 24 09:33:02 2023] BRK [0x2b6ca7000, 0x2b6ca7fff] PGTABLE
[Fri Feb 24 09:33:02 2023] BRK [0x2b6ca8000, 0x2b6ca8fff] PGTABLE
[Fri Feb 24 09:33:02 2023] BRK [0x2b6ca9000, 0x2b6ca9fff] PGTABLE
[Fri Feb 24 09:33:02 2023] BRK [0x2b6caa000, 0x2b6caafff] PGTABLE
[Fri Feb 24 09:33:02 2023] BRK [0x2b6cab000, 0x2b6cabfff] PGTABLE
[Fri Feb 24 09:33:02 2023] BRK [0x2b6cac000, 0x2b6cacfff] PGTABLE
[Fri Feb 24 09:33:02 2023] Secure boot enabled
[Fri Feb 24 09:33:02 2023] RAMDISK: [mem 0x3bf42000-0x3de9bfff]
[Fri Feb 24 09:33:02 2023] Early table checksum verification disabled
[Fri Feb 24 09:33:02 2023] ACPI: RSDP 00000000c3c0e014 00024 (v02 HPQOEM)
[Fri Feb 24 09:33:02 2023] ACPI: XSDT 00000000c3bd4188 000FC (v01 HPQOEM SLIC-BPC 00000000 INTL 20160422)
[Fri Feb 24 09:33:02 2023] ACPI: FACP 00000000c3c05000 00114 (v06 HPQOEM SLIC-BPC 00000000 HP   00000001)
[Fri Feb 24 09:33:02 2023] ACPI: DSDT 00000000c3be2000 1F247 (v02 HPQOEM 8591     00000000 INTL 20160527)
[Fri Feb 24 09:33:02 2023] ACPI: FACS 00000000c3b35000 00040
[Fri Feb 24 09:33:02 2023] ACPI: SSDT 00000000c3c0c000 0012A (v02 HP     ShmTable 00000001 INTL 20160527)
[Fri Feb 24 09:33:02 2023] ACPI: SSDT 00000000c3c0a000 01B60 (v02 CpuRef  CpuSsdt 00003000 INTL 20160527)
[Fri Feb 24 09:33:02 2023] ACPI: SSDT 00000000c3c09000 009CF (v02  CtdpB    CtdpB 00001000 INTL 20160527)
[Fri Feb 24 09:33:02 2023] ACPI: MSDM 00000000c3c08000 00055 (v03 HPQOEM SLIC-BPC 00000000 HP   00000001)
[Fri Feb 24 09:33:02 2023] ACPI: SLIC 00000000c3c07000 00176 (v01 HPQOEM SLIC-BPC 00000001 HP   00000001)
[Fri Feb 24 09:33:02 2023] ACPI: WSMT 00000000c3c06000 00028 (v01 HPQOEM 8591     00000001 HP   00000001)
[Fri Feb 24 09:33:02 2023] ACPI: HPET 00000000c3c04000 00038 (v01 HPQOEM 8591     00000001 HP   00000001)
[Fri Feb 24 09:33:02 2023] ACPI: APIC 00000000c3c03000 0012C (v03 HPQOEM 8591     00000001 HP   00000001)
[Fri Feb 24 09:33:02 2023] ACPI: MCFG 00000000c3c02000 0003C (v01 HPQOEM 8591     00000001 HP   00000001)
[Fri Feb 24 09:33:02 2023] ACPI: SSDT 00000000c3be1000 00734 (v01 HPQOEM PtidDevc 00001000 INTL 20160527)
[Fri Feb 24 09:33:02 2023] ACPI: SSDT 00000000c3be0000 00B7B (v02 HPQOEM HP_XHC_P 00000000 INTL 20160527)
[Fri Feb 24 09:33:02 2023] ACPI: SSDT 00000000c3bdc000 03147 (v02 SaSsdt  SaSsdt  00003000 INTL 20160527)
[Fri Feb 24 09:33:02 2023] ACPI: LPIT 00000000c3bdb000 00094 (v01 INTEL       CFL 20170001 INTL 20160422)
[Fri Feb 24 09:33:02 2023] ACPI: WSMT 00000000c3bda000 00028 (v01 INTEL       CFL 20170001 INTL 20160422)
[Fri Feb 24 09:33:02 2023] ACPI: SSDT 00000000c3bd9000 003CE (v02 INTEL  Tpm2Tabl 00001000 INTL 20160527)
[Fri Feb 24 09:33:02 2023] ACPI: TPM2 00000000c3bd8000 00034 (v04 INTEL       CFL 20170001 INTL 20160422)
[Fri Feb 24 09:33:02 2023] ACPI: UEFI 00000000c3b2e000 00042 (v01 INTEL       CFL 20170001 INTL 20160422)
[Fri Feb 24 09:33:02 2023] ACPI: OEML 00000000c3bd7000 00028 (v03 INTEL       CFL 20170001 INTL 20160422)
[Fri Feb 24 09:33:02 2023] ACPI: SSDT 00000000c3bd6000 003DF (v02 Intel  UcsiAcpi 00001000 INTL 20160527)
[Fri Feb 24 09:33:02 2023] ACPI: SSDT 00000000c3bc6000 0D379 (v01     HP HPINDTWL 00001000 INTL 20160527)
[Fri Feb 24 09:33:02 2023] ACPI: SSDT 00000000c3bd5000 00032 (v01     HP HPCONDEV 00001000 INTL 20160527)
[Fri Feb 24 09:33:02 2023] ACPI: SSDT 00000000c3bc5000 00069 (v01     HP HPCAHWID 00001000 INTL 20160527)
[Fri Feb 24 09:33:02 2023] ACPI: ASF! 00000000c3bc4000 000A0 (v32 HPQOEM  UYAMIHC 20170001 INTL 20160422)
[Fri Feb 24 09:33:02 2023] ACPI: DMAR 00000000c3c0d000 000C8 (v01 INTEL  CFL      00000002      01000013)
[Fri Feb 24 09:33:02 2023] ACPI: FPDT 00000000c3bc3000 00044 (v01 INTEL       CFL 20170001 INTL 20160422)
[Fri Feb 24 09:33:02 2023] ACPI: BGRT 00000000c3bc2000 00038 (v01 INTEL       CFL 20170001 INTL 20160422)
[Fri Feb 24 09:33:02 2023] ACPI: Local APIC address 0xfee00000
[Fri Feb 24 09:33:02 2023] No NUMA configuration found
[Fri Feb 24 09:33:02 2023] Faking a node at [mem 0x0000000000000000-0x000000082f7fffff]
[Fri Feb 24 09:33:02 2023] NODE_DATA(0) allocated [mem 0x82f7d9000-0x82f7fffff]
[Fri Feb 24 09:33:02 2023] Reserving 162MB of memory at 720MB for crashkernel (System RAM: 32542MB)
[Fri Feb 24 09:33:02 2023] Zone ranges:
[Fri Feb 24 09:33:02 2023]   DMA      [mem 0x00001000-0x00ffffff]
[Fri Feb 24 09:33:02 2023]   DMA32    [mem 0x01000000-0xffffffff]
[Fri Feb 24 09:33:02 2023]   Normal   [mem 0x100000000-0x82f7fffff]
[Fri Feb 24 09:33:02 2023] Movable zone start for each node
[Fri Feb 24 09:33:02 2023] Early memory node ranges
[Fri Feb 24 09:33:02 2023]   node   0: [mem 0x00001000-0x0009efff]
[Fri Feb 24 09:33:02 2023]   node   0: [mem 0x00100000-0xc26aafff]
[Fri Feb 24 09:33:02 2023]   node   0: [mem 0xc3c0f000-0xc3c0ffff]
[Fri Feb 24 09:33:02 2023]   node   0: [mem 0x100000000-0x82f7fffff]
[Fri Feb 24 09:33:02 2023] Initmem setup node 0 [mem 0x00001000-0x82f7fffff]
[Fri Feb 24 09:33:02 2023] On node 0 totalpages: 8330826
[Fri Feb 24 09:33:02 2023]   DMA zone: 64 pages used for memmap
[Fri Feb 24 09:33:02 2023]   DMA zone: 21 pages reserved
[Fri Feb 24 09:33:02 2023]   DMA zone: 3998 pages, LIFO batch:0
[Fri Feb 24 09:33:02 2023]   DMA32 zone: 12379 pages used for memmap
[Fri Feb 24 09:33:02 2023]   DMA32 zone: 792236 pages, LIFO batch:31
[Fri Feb 24 09:33:02 2023]   Normal zone: 117728 pages used for memmap
[Fri Feb 24 09:33:02 2023]   Normal zone: 7534592 pages, LIFO batch:31
[Fri Feb 24 09:33:02 2023] Reserving Intel graphics memory at [mem 0xc8800000-0xcc7fffff]
[Fri Feb 24 09:33:02 2023] ACPI: PM-Timer IO Port: 0x1808
[Fri Feb 24 09:33:02 2023] ACPI: Local APIC address 0xfee00000
[Fri Feb 24 09:33:02 2023] ACPI: LAPIC (acpi_id[0x01] lapic_id[0x00] enabled)
[Fri Feb 24 09:33:02 2023] ACPI: LAPIC (acpi_id[0x02] lapic_id[0x02] enabled)
[Fri Feb 24 09:33:02 2023] ACPI: LAPIC (acpi_id[0x03] lapic_id[0x04] enabled)
[Fri Feb 24 09:33:02 2023] ACPI: LAPIC (acpi_id[0x04] lapic_id[0x06] enabled)
[Fri Feb 24 09:33:02 2023] ACPI: LAPIC (acpi_id[0x05] lapic_id[0x08] enabled)
[Fri Feb 24 09:33:02 2023] ACPI: LAPIC (acpi_id[0x06] lapic_id[0x0a] enabled)
[Fri Feb 24 09:33:02 2023] ACPI: LAPIC (acpi_id[0x07] lapic_id[0x0c] enabled)
[Fri Feb 24 09:33:02 2023] ACPI: LAPIC (acpi_id[0x08] lapic_id[0x0e] enabled)
[Fri Feb 24 09:33:02 2023] ACPI: LAPIC (acpi_id[0x09] lapic_id[0xff] disabled)
[Fri Feb 24 09:33:02 2023] ACPI: LAPIC (acpi_id[0x0a] lapic_id[0xff] disabled)
[Fri Feb 24 09:33:02 2023] ACPI: LAPIC (acpi_id[0x0b] lapic_id[0xff] disabled)
[Fri Feb 24 09:33:02 2023] ACPI: LAPIC (acpi_id[0x0c] lapic_id[0xff] disabled)
[Fri Feb 24 09:33:02 2023] ACPI: LAPIC (acpi_id[0x0d] lapic_id[0xff] disabled)
[Fri Feb 24 09:33:02 2023] ACPI: LAPIC (acpi_id[0x0e] lapic_id[0xff] disabled)
[Fri Feb 24 09:33:02 2023] ACPI: LAPIC (acpi_id[0x0f] lapic_id[0xff] disabled)
[Fri Feb 24 09:33:02 2023] ACPI: LAPIC (acpi_id[0x10] lapic_id[0xff] disabled)
[Fri Feb 24 09:33:02 2023] ACPI: LAPIC_NMI (acpi_id[0x01] high edge lint[0x1])
[Fri Feb 24 09:33:02 2023] ACPI: LAPIC_NMI (acpi_id[0x02] high edge lint[0x1])
[Fri Feb 24 09:33:02 2023] ACPI: LAPIC_NMI (acpi_id[0x03] high edge lint[0x1])
[Fri Feb 24 09:33:02 2023] ACPI: LAPIC_NMI (acpi_id[0x04] high edge lint[0x1])
[Fri Feb 24 09:33:02 2023] ACPI: LAPIC_NMI (acpi_id[0x05] high edge lint[0x1])
[Fri Feb 24 09:33:02 2023] ACPI: LAPIC_NMI (acpi_id[0x06] high edge lint[0x1])
[Fri Feb 24 09:33:02 2023] ACPI: LAPIC_NMI (acpi_id[0x07] high edge lint[0x1])
[Fri Feb 24 09:33:02 2023] ACPI: LAPIC_NMI (acpi_id[0x08] high edge lint[0x1])
[Fri Feb 24 09:33:02 2023] ACPI: LAPIC_NMI (acpi_id[0x09] high edge lint[0x1])
[Fri Feb 24 09:33:02 2023] ACPI: LAPIC_NMI (acpi_id[0x0a] high edge lint[0x1])
[Fri Feb 24 09:33:02 2023] ACPI: LAPIC_NMI (acpi_id[0x0b] high edge lint[0x1])
[Fri Feb 24 09:33:02 2023] ACPI: LAPIC_NMI (acpi_id[0x0c] high edge lint[0x1])
[Fri Feb 24 09:33:02 2023] ACPI: LAPIC_NMI (acpi_id[0x0d] high edge lint[0x1])
[Fri Feb 24 09:33:02 2023] ACPI: LAPIC_NMI (acpi_id[0x0e] high edge lint[0x1])
[Fri Feb 24 09:33:02 2023] ACPI: LAPIC_NMI (acpi_id[0x0f] high edge lint[0x1])
[Fri Feb 24 09:33:02 2023] ACPI: LAPIC_NMI (acpi_id[0x10] high edge lint[0x1])
[Fri Feb 24 09:33:02 2023] ACPI: IOAPIC (id[0x02] address[0xfec00000] gsi_base[0])
[Fri Feb 24 09:33:02 2023] IOAPIC[0]: apic_id 2, version 32, address 0xfec00000, GSI 0-119
[Fri Feb 24 09:33:02 2023] ACPI: INT_SRC_OVR (bus 0 bus_irq 0 global_irq 2 dfl dfl)
[Fri Feb 24 09:33:02 2023] ACPI: INT_SRC_OVR (bus 0 bus_irq 9 global_irq 9 high level)
[Fri Feb 24 09:33:02 2023] ACPI: IRQ0 used by override.
[Fri Feb 24 09:33:02 2023] ACPI: IRQ9 used by override.
[Fri Feb 24 09:33:02 2023] Using ACPI (MADT) for SMP configuration information
[Fri Feb 24 09:33:02 2023] ACPI: HPET id: 0x8086a201 base: 0xfed00000
[Fri Feb 24 09:33:02 2023] smpboot: Allowing 8 CPUs, 0 hotplug CPUs
[Fri Feb 24 09:33:02 2023] smpboot: Ignoring 8 unusable CPUs in ACPI table
[Fri Feb 24 09:33:02 2023] PM: Registered nosave memory: [mem 0x0009f000-0x000fffff]
[Fri Feb 24 09:33:02 2023] PM: Registered nosave memory: [mem 0xc26ab000-0xc398efff]
[Fri Feb 24 09:33:02 2023] PM: Registered nosave memory: [mem 0xc398f000-0xc3b8efff]
[Fri Feb 24 09:33:02 2023] PM: Registered nosave memory: [mem 0xc3b8f000-0xc3c0efff]
[Fri Feb 24 09:33:02 2023] PM: Registered nosave memory: [mem 0xc3c10000-0xcc7fffff]
[Fri Feb 24 09:33:02 2023] PM: Registered nosave memory: [mem 0xcc800000-0xfe00ffff]
[Fri Feb 24 09:33:02 2023] PM: Registered nosave memory: [mem 0xfe010000-0xfe010fff]
[Fri Feb 24 09:33:02 2023] PM: Registered nosave memory: [mem 0xfe011000-0xfeffffff]
[Fri Feb 24 09:33:02 2023] PM: Registered nosave memory: [mem 0xff000000-0xffffffff]
[Fri Feb 24 09:33:02 2023] e820: [mem 0xcc800000-0xfe00ffff] available for PCI devices
[Fri Feb 24 09:33:02 2023] Booting paravirtualized kernel on bare hardware
[Fri Feb 24 09:33:02 2023] setup_percpu: NR_CPUS:5120 nr_cpumask_bits:8 nr_cpu_ids:8 nr_node_ids:1
[Fri Feb 24 09:33:02 2023] percpu: Embedded 38 pages/cpu s118784 r8192 d28672 u262144
[Fri Feb 24 09:33:02 2023] pcpu-alloc: s118784 r8192 d28672 u262144 alloc=1*2097152
[Fri Feb 24 09:33:02 2023] pcpu-alloc: [0] 0 1 2 3 4 5 6 7 
[Fri Feb 24 09:33:02 2023] Built 1 zonelists in Zone order, mobility grouping on.  Total pages: 8200634
[Fri Feb 24 09:33:02 2023] Policy zone: Normal
[Fri Feb 24 09:33:02 2023] Kernel command line: BOOT_IMAGE=/vmlinuz-3.10.0-1160.83.1.el7.x86_64 root=/dev/mapper/centos-root ro crashkernel=auto rd.lvm.lv=centos/root rd.lvm.lv=centos/swap rhgb quiet LANG=en_US.UTF-8
[Fri Feb 24 09:33:02 2023] PID hash table entries: 4096 (order: 3, 32768 bytes)
[Fri Feb 24 09:33:02 2023] x86/fpu: xstate_offset[2]: 0240, xstate_sizes[2]: 0100
[Fri Feb 24 09:33:02 2023] x86/fpu: xstate_offset[3]: 03c0, xstate_sizes[3]: 0040
[Fri Feb 24 09:33:02 2023] x86/fpu: xstate_offset[4]: 0400, xstate_sizes[4]: 0040
[Fri Feb 24 09:33:02 2023] xsave: enabled xstate_bv 0x1f, cntxt size 0x440 using standard form
[Fri Feb 24 09:33:02 2023] Memory: 4850952k/34332672k available (7988k kernel code, 1009368k absent, 974644k reserved, 5756k data, 2176k init)
[Fri Feb 24 09:33:02 2023] SLUB: HWalign=64, Order=0-3, MinObjects=0, CPUs=8, Nodes=1
[Fri Feb 24 09:33:02 2023] Hierarchical RCU implementation.
[Fri Feb 24 09:33:02 2023] 	RCU restricting CPUs from NR_CPUS=5120 to nr_cpu_ids=8.
[Fri Feb 24 09:33:02 2023] NR_IRQS:327936 nr_irqs:2048 0
[Fri Feb 24 09:33:02 2023] Console: colour dummy device 80x25
[Fri Feb 24 09:33:02 2023] console [tty0] enabled
[Fri Feb 24 09:33:02 2023] allocated 267386880 bytes of page_cgroup
[Fri Feb 24 09:33:02 2023] please try 'cgroup_disable=memory' option if you don't want memory cgroups
[Fri Feb 24 09:33:02 2023] hpet clockevent registered
[Fri Feb 24 09:33:02 2023] tsc: Detected 3000.000 MHz processor
[Fri Feb 24 09:33:02 2023] Calibrating delay loop (skipped), value calculated using timer frequency.. 6000.00 BogoMIPS (lpj=3000000)
[Fri Feb 24 09:33:02 2023] pid_max: default: 32768 minimum: 301
[Fri Feb 24 09:33:02 2023] Security Framework initialized
[Fri Feb 24 09:33:02 2023] SELinux:  Initializing.
[Fri Feb 24 09:33:02 2023] SELinux:  Starting in permissive mode
[Fri Feb 24 09:33:02 2023] Yama: becoming mindful.
[Fri Feb 24 09:33:02 2023] Dentry cache hash table entries: 4194304 (order: 13, 33554432 bytes)
[Fri Feb 24 09:33:02 2023] Inode-cache hash table entries: 2097152 (order: 12, 16777216 bytes)
[Fri Feb 24 09:33:02 2023] Mount-cache hash table entries: 65536 (order: 7, 524288 bytes)
[Fri Feb 24 09:33:02 2023] Mountpoint-cache hash table entries: 65536 (order: 7, 524288 bytes)
[Fri Feb 24 09:33:02 2023] Initializing cgroup subsys memory
[Fri Feb 24 09:33:02 2023] Initializing cgroup subsys devices
[Fri Feb 24 09:33:02 2023] Initializing cgroup subsys freezer
[Fri Feb 24 09:33:02 2023] Initializing cgroup subsys net_cls
[Fri Feb 24 09:33:02 2023] Initializing cgroup subsys blkio
[Fri Feb 24 09:33:02 2023] Initializing cgroup subsys perf_event
[Fri Feb 24 09:33:02 2023] Initializing cgroup subsys hugetlb
[Fri Feb 24 09:33:02 2023] Initializing cgroup subsys pids
[Fri Feb 24 09:33:02 2023] Initializing cgroup subsys net_prio
[Fri Feb 24 09:33:02 2023] ENERGY_PERF_BIAS: Set to 'normal', was 'performance'
[Fri Feb 24 09:33:02 2023] ENERGY_PERF_BIAS: View and update with x86_energy_perf_policy(8)
[Fri Feb 24 09:33:02 2023] CPU0: Thermal monitoring enabled (TM1)
[Fri Feb 24 09:33:02 2023] Last level iTLB entries: 4KB 0, 2MB 0, 4MB 0
[Fri Feb 24 09:33:02 2023] Last level dTLB entries: 4KB 64, 2MB 0, 4MB 0
[Fri Feb 24 09:33:02 2023] tlb_flushall_shift: 6
[Fri Feb 24 09:33:02 2023] FEATURE SPEC_CTRL Present
[Fri Feb 24 09:33:02 2023] FEATURE IBPB_SUPPORT Present
[Fri Feb 24 09:33:02 2023] Spectre V1 : Mitigation: Load fences, usercopy/swapgs barriers and __user pointer sanitization
[Fri Feb 24 09:33:02 2023] Spectre V2 : Enabling Indirect Branch Prediction Barrier
[Fri Feb 24 09:33:02 2023] Spectre V2 : Mitigation: Enhanced IBRS
[Fri Feb 24 09:33:02 2023] Filling RSB on context switch
[Fri Feb 24 09:33:02 2023] RETBleed: Mitigation: Enhanced IBRS
[Fri Feb 24 09:33:02 2023] Speculative Store Bypass: Mitigation: Speculative Store Bypass disabled via prctl and seccomp
[Fri Feb 24 09:33:02 2023] TAA: Mitigation: Clear CPU buffers
[Fri Feb 24 09:33:02 2023] MMIO Stale Data: Mitigation: Clear CPU buffers
[Fri Feb 24 09:33:02 2023] SRBDS: Mitigation: Microcode
[Fri Feb 24 09:33:02 2023] Freeing SMP alternatives: 28k freed
[Fri Feb 24 09:33:02 2023] ACPI: Core revision 20130517
[Fri Feb 24 09:33:02 2023] ACPI Error: [\_SB_.PCI0.XHC_.RHUB.HS11] Namespace lookup failure, AE_NOT_FOUND (20130517/dswload-194)
[Fri Feb 24 09:33:02 2023] ACPI Exception: AE_NOT_FOUND, During name lookup/catalog (20130517/psobject-222)
[Fri Feb 24 09:33:02 2023] ACPI: All ACPI Tables successfully acquired
[Fri Feb 24 09:33:02 2023] ftrace: allocating 29704 entries in 117 pages
[Fri Feb 24 09:33:02 2023] DMAR: Host address width 39
[Fri Feb 24 09:33:02 2023] DMAR: DRHD base: 0x000000fed90000 flags: 0x0
[Fri Feb 24 09:33:02 2023] DMAR: dmar0: reg_base_addr fed90000 ver 1:0 cap 1c0000c40660462 ecap 19e2ff0505e
[Fri Feb 24 09:33:02 2023] DMAR: DRHD base: 0x000000fed91000 flags: 0x1
[Fri Feb 24 09:33:02 2023] DMAR: dmar1: reg_base_addr fed91000 ver 1:0 cap d2008c40660462 ecap f050da
[Fri Feb 24 09:33:02 2023] DMAR: RMRR base: 0x000000c381d000 end: 0x000000c383cfff
[Fri Feb 24 09:33:02 2023] DMAR: RMRR base: 0x000000c8000000 end: 0x000000cc7fffff
[Fri Feb 24 09:33:02 2023] DMAR: RMRR base: 0x000000c386e000 end: 0x000000c38edfff
[Fri Feb 24 09:33:02 2023] DMAR-IR: IOAPIC id 2 under DRHD base  0xfed91000 IOMMU 1
[Fri Feb 24 09:33:02 2023] DMAR-IR: HPET id 0 under DRHD base 0xfed91000
[Fri Feb 24 09:33:02 2023] DMAR-IR: Queued invalidation will be enabled to support x2apic and Intr-remapping.
[Fri Feb 24 09:33:02 2023] DMAR-IR: Enabled IRQ remapping in x2apic mode
[Fri Feb 24 09:33:02 2023] Enabling x2apic
[Fri Feb 24 09:33:02 2023] Enabled x2apic
[Fri Feb 24 09:33:02 2023] Switched APIC routing to cluster x2apic.
[Fri Feb 24 09:33:02 2023] ..TIMER: vector=0x30 apic1=0 pin1=2 apic2=-1 pin2=-1
[Fri Feb 24 09:33:02 2023] smpboot: CPU0: Intel(R) Core(TM) i7-9700 CPU @ 3.00GHz (fam: 06, model: 9e, stepping: 0d)
[Fri Feb 24 09:33:02 2023] TSC deadline timer enabled
[Fri Feb 24 09:33:02 2023] Performance Events: PEBS fmt3+, Skylake events, 32-deep LBR, full-width counters, Intel PMU driver.
[Fri Feb 24 09:33:02 2023] ... version:                4
[Fri Feb 24 09:33:02 2023] ... bit width:              48
[Fri Feb 24 09:33:02 2023] ... generic registers:      8
[Fri Feb 24 09:33:02 2023] ... value mask:             0000ffffffffffff
[Fri Feb 24 09:33:02 2023] ... max period:             00007fffffffffff
[Fri Feb 24 09:33:02 2023] ... fixed-purpose events:   3
[Fri Feb 24 09:33:02 2023] ... event mask:             00000007000000ff
[Fri Feb 24 09:33:02 2023] NMI watchdog: enabled on all CPUs, permanently consumes one hw-PMU counter.
[Fri Feb 24 09:33:02 2023] smpboot: Booting Node   0, Processors  #1 #2 #3 #4 #5 #6 #7 OK
[Fri Feb 24 09:33:02 2023] Brought up 8 CPUs
[Fri Feb 24 09:33:02 2023] smpboot: Max logical packages: 1
[Fri Feb 24 09:33:02 2023] smpboot: Total of 8 processors activated (48000.00 BogoMIPS)
[Fri Feb 24 09:33:02 2023] node 0 initialised, 6874427 pages in 110ms
[Fri Feb 24 09:33:02 2023] devtmpfs: initialized
[Fri Feb 24 09:33:02 2023] x86/mm: Memory block size: 128MB
[Fri Feb 24 09:33:02 2023] EVM: security.selinux
[Fri Feb 24 09:33:02 2023] EVM: security.ima
[Fri Feb 24 09:33:02 2023] EVM: security.capability
[Fri Feb 24 09:33:02 2023] PM: Registering ACPI NVS region [mem 0xc398f000-0xc3b8efff] (2097152 bytes)
[Fri Feb 24 09:33:02 2023] atomic64 test passed for x86-64 platform with CX8 and with SSE
[Fri Feb 24 09:33:02 2023] pinctrl core: initialized pinctrl subsystem
[Fri Feb 24 09:33:02 2023] RTC time:  9:33:03, date: 02/24/23
[Fri Feb 24 09:33:02 2023] NET: Registered protocol family 16
[Fri Feb 24 09:33:02 2023] ACPI: bus type PCI registered
[Fri Feb 24 09:33:02 2023] acpiphp: ACPI Hot Plug PCI Controller Driver version: 0.5
[Fri Feb 24 09:33:02 2023] PCI: MMCONFIG for domain 0000 [bus 00-7f] at [mem 0xf0000000-0xf7ffffff] (base 0xf0000000)
[Fri Feb 24 09:33:02 2023] PCI: not using MMCONFIG
[Fri Feb 24 09:33:02 2023] PCI: Using configuration type 1 for base access
[Fri Feb 24 09:33:02 2023] ACPI: Added _OSI(Module Device)
[Fri Feb 24 09:33:02 2023] ACPI: Added _OSI(Processor Device)
[Fri Feb 24 09:33:02 2023] ACPI: Added _OSI(3.0 _SCP Extensions)
[Fri Feb 24 09:33:02 2023] ACPI: Added _OSI(Processor Aggregator Device)
[Fri Feb 24 09:33:02 2023] ACPI: Added _OSI(Linux-Dell-Video)
[Fri Feb 24 09:33:02 2023] ACPI: EC: Look up EC in DSDT
[Fri Feb 24 09:33:02 2023] ACPI: Executed 51 blocks of module-level executable AML code
[Fri Feb 24 09:33:02 2023] ACPI: [Firmware Bug]: BIOS _OSI(Linux) query ignored
[Fri Feb 24 09:33:02 2023] ACPI: Dynamic OEM Table Load:
[Fri Feb 24 09:33:02 2023] ACPI: SSDT ffff8906ec185500 000F4 (v02  PmRef  Cpu0Psd 00003000 INTL 20160527)
[Fri Feb 24 09:33:02 2023] ACPI: Executed 1 blocks of module-level executable AML code
[Fri Feb 24 09:33:02 2023] ACPI: \_SB_.PR00: _OSC native thermal LVT Acked
[Fri Feb 24 09:33:02 2023] ACPI: Dynamic OEM Table Load:
[Fri Feb 24 09:33:02 2023] ACPI: SSDT ffff890836d68800 00400 (v02  PmRef  Cpu0Cst 00003001 INTL 20160527)
[Fri Feb 24 09:33:02 2023] ACPI: Executed 1 blocks of module-level executable AML code
[Fri Feb 24 09:33:02 2023] ACPI: Dynamic OEM Table Load:
[Fri Feb 24 09:33:02 2023] ACPI: SSDT ffff8906ec1f3800 00605 (v02  PmRef  Cpu0Ist 00003000 INTL 20160527)
[Fri Feb 24 09:33:02 2023] ACPI: Executed 1 blocks of module-level executable AML code
[Fri Feb 24 09:33:02 2023] ACPI: Dynamic OEM Table Load:
[Fri Feb 24 09:33:02 2023] ACPI: SSDT ffff8906ec1f4800 005FC (v02  PmRef    ApIst 00003000 INTL 20160527)
[Fri Feb 24 09:33:02 2023] ACPI: Executed 1 blocks of module-level executable AML code
[Fri Feb 24 09:33:02 2023] ACPI: Dynamic OEM Table Load:
[Fri Feb 24 09:33:02 2023] ACPI: SSDT ffff890836d68c00 00317 (v02  PmRef    ApHwp 00003000 INTL 20160527)
[Fri Feb 24 09:33:02 2023] ACPI: Executed 1 blocks of module-level executable AML code
[Fri Feb 24 09:33:02 2023] ACPI: Dynamic OEM Table Load:
[Fri Feb 24 09:33:02 2023] ACPI: SSDT ffff890836de8000 00AB0 (v02  PmRef    ApPsd 00003000 INTL 20160527)
[Fri Feb 24 09:33:02 2023] ACPI: Executed 1 blocks of module-level executable AML code
[Fri Feb 24 09:33:02 2023] ACPI: Dynamic OEM Table Load:
[Fri Feb 24 09:33:02 2023] ACPI: SSDT ffff890836d69000 0030A (v02  PmRef    ApCst 00003000 INTL 20160527)
[Fri Feb 24 09:33:02 2023] ACPI: Executed 1 blocks of module-level executable AML code
[Fri Feb 24 09:33:02 2023] ACPI: Interpreter enabled
[Fri Feb 24 09:33:02 2023] ACPI: (supports S0 S3 S4 S5)
[Fri Feb 24 09:33:02 2023] ACPI: Using IOAPIC for interrupt routing
[Fri Feb 24 09:33:02 2023] PCI: MMCONFIG for domain 0000 [bus 00-7f] at [mem 0xf0000000-0xf7ffffff] (base 0xf0000000)
[Fri Feb 24 09:33:02 2023] PCI: MMCONFIG at [mem 0xf0000000-0xf7ffffff] reserved in ACPI motherboard resources
[Fri Feb 24 09:33:02 2023] PCI: Using host bridge windows from ACPI; if necessary, use "pci=nocrs" and report a bug
[Fri Feb 24 09:33:02 2023] ACPI: Enabled 5 GPEs in block 00 to 7F
[Fri Feb 24 09:33:02 2023] ACPI: Power Resource [USBC] (on)
[Fri Feb 24 09:33:02 2023] ACPI: Power Resource [WRST] (on)
[Fri Feb 24 09:33:02 2023] ACPI: Power Resource [WRST] (on)
[Fri Feb 24 09:33:02 2023] ACPI: Power Resource [WRST] (on)
[Fri Feb 24 09:33:02 2023] ACPI: Power Resource [WRST] (on)
[Fri Feb 24 09:33:02 2023] ACPI: Power Resource [WRST] (on)
[Fri Feb 24 09:33:02 2023] ACPI: Power Resource [WRST] (on)
[Fri Feb 24 09:33:02 2023] ACPI: Power Resource [WRST] (on)
[Fri Feb 24 09:33:02 2023] ACPI: Power Resource [WRST] (on)
[Fri Feb 24 09:33:02 2023] ACPI: Power Resource [WRST] (on)
[Fri Feb 24 09:33:02 2023] ACPI: Power Resource [WRST] (on)
[Fri Feb 24 09:33:02 2023] ACPI: Power Resource [WRST] (on)
[Fri Feb 24 09:33:02 2023] ACPI: Power Resource [WRST] (on)
[Fri Feb 24 09:33:02 2023] ACPI: Power Resource [WRST] (on)
[Fri Feb 24 09:33:02 2023] ACPI: Power Resource [WRST] (on)
[Fri Feb 24 09:33:02 2023] ACPI: Power Resource [WRST] (on)
[Fri Feb 24 09:33:02 2023] ACPI: Power Resource [WRST] (on)
[Fri Feb 24 09:33:02 2023] ACPI: Power Resource [WRST] (on)
[Fri Feb 24 09:33:02 2023] ACPI: Power Resource [WRST] (on)
[Fri Feb 24 09:33:02 2023] ACPI: Power Resource [WRST] (on)
[Fri Feb 24 09:33:02 2023] ACPI: Power Resource [WRST] (on)
[Fri Feb 24 09:33:02 2023] ACPI: Power Resource [V0PR] (on)
[Fri Feb 24 09:33:02 2023] ACPI: Power Resource [V1PR] (on)
[Fri Feb 24 09:33:02 2023] ACPI: Power Resource [V2PR] (on)
[Fri Feb 24 09:33:02 2023] ACPI: Power Resource [WRST] (on)
[Fri Feb 24 09:33:02 2023] ACPI: PCI Root Bridge [PCI0] (domain 0000 [bus 00-7e])
[Fri Feb 24 09:33:02 2023] acpi PNP0A08:00: _OSC: OS supports [ExtendedConfig ASPM ClockPM Segments MSI]
[Fri Feb 24 09:33:02 2023] acpi PNP0A08:00: _OSC: OS now controls [PCIeHotplug SHPCHotplug PME AER PCIeCapability]
[Fri Feb 24 09:33:02 2023] PCI host bridge to bus 0000:00
[Fri Feb 24 09:33:02 2023] pci_bus 0000:00: root bus resource [io  0x0000-0x0cf7 window]
[Fri Feb 24 09:33:02 2023] pci_bus 0000:00: root bus resource [io  0x0d00-0xffff window]
[Fri Feb 24 09:33:02 2023] pci_bus 0000:00: root bus resource [mem 0x000a0000-0x000bffff window]
[Fri Feb 24 09:33:02 2023] pci_bus 0000:00: root bus resource [mem 0xcc800000-0xefffffff window]
[Fri Feb 24 09:33:02 2023] pci_bus 0000:00: root bus resource [mem 0x4000000000-0x7fffffffff window]
[Fri Feb 24 09:33:02 2023] pci_bus 0000:00: root bus resource [mem 0xfc800000-0xfe7fffff window]
[Fri Feb 24 09:33:02 2023] pci_bus 0000:00: root bus resource [bus 00-7e]
[Fri Feb 24 09:33:02 2023] pci 0000:00:00.0: [8086:3e30] type 00 class 0x060000
[Fri Feb 24 09:33:02 2023] pci 0000:00:02.0: [8086:3e98] type 00 class 0x030000
[Fri Feb 24 09:33:02 2023] pci 0000:00:02.0: reg 0x10: [mem 0xe0000000-0xe0ffffff 64bit]
[Fri Feb 24 09:33:02 2023] pci 0000:00:02.0: reg 0x18: [mem 0xd0000000-0xdfffffff 64bit pref]
[Fri Feb 24 09:33:02 2023] pci 0000:00:02.0: reg 0x20: [io  0x4000-0x403f]
[Fri Feb 24 09:33:02 2023] pci 0000:00:12.0: [8086:a379] type 00 class 0x118000
[Fri Feb 24 09:33:02 2023] pci 0000:00:12.0: reg 0x10: [mem 0x4000107000-0x4000107fff 64bit]
[Fri Feb 24 09:33:02 2023] pci 0000:00:14.0: [8086:a36d] type 00 class 0x0c0330
[Fri Feb 24 09:33:02 2023] pci 0000:00:14.0: reg 0x10: [mem 0xe1120000-0xe112ffff 64bit]
[Fri Feb 24 09:33:02 2023] pci 0000:00:14.0: PME# supported from D3hot D3cold
[Fri Feb 24 09:33:02 2023] pci 0000:00:14.0: System wakeup disabled by ACPI
[Fri Feb 24 09:33:02 2023] pci 0000:00:14.2: [8086:a36f] type 00 class 0x050000
[Fri Feb 24 09:33:02 2023] pci 0000:00:14.2: reg 0x10: [mem 0xe1132000-0xe1133fff 64bit]
[Fri Feb 24 09:33:02 2023] pci 0000:00:14.2: reg 0x18: [mem 0x4000106000-0x4000106fff 64bit]
[Fri Feb 24 09:33:02 2023] pci 0000:00:16.0: [8086:a360] type 00 class 0x078000
[Fri Feb 24 09:33:02 2023] pci 0000:00:16.0: reg 0x10: [mem 0x4000105000-0x4000105fff 64bit]
[Fri Feb 24 09:33:02 2023] pci 0000:00:16.0: PME# supported from D3hot
[Fri Feb 24 09:33:02 2023] pci 0000:00:17.0: [8086:a352] type 00 class 0x010601
[Fri Feb 24 09:33:02 2023] pci 0000:00:17.0: reg 0x10: [mem 0xe1130000-0xe1131fff]
[Fri Feb 24 09:33:02 2023] pci 0000:00:17.0: reg 0x14: [mem 0xe1136000-0xe11360ff]
[Fri Feb 24 09:33:02 2023] pci 0000:00:17.0: reg 0x18: [io  0x4080-0x4087]
[Fri Feb 24 09:33:02 2023] pci 0000:00:17.0: reg 0x1c: [io  0x4088-0x408b]
[Fri Feb 24 09:33:02 2023] pci 0000:00:17.0: reg 0x20: [io  0x4060-0x407f]
[Fri Feb 24 09:33:02 2023] pci 0000:00:17.0: reg 0x24: [mem 0xe1135000-0xe11357ff]
[Fri Feb 24 09:33:02 2023] pci 0000:00:17.0: PME# supported from D3hot
[Fri Feb 24 09:33:02 2023] pci 0000:00:1c.0: [8086:a33e] type 01 class 0x060400
[Fri Feb 24 09:33:02 2023] pci 0000:00:1c.0: PME# supported from D0 D3hot D3cold
[Fri Feb 24 09:33:02 2023] pci 0000:00:1c.0: System wakeup disabled by ACPI
[Fri Feb 24 09:33:02 2023] pci 0000:00:1f.0: [8086:a306] type 00 class 0x060100
[Fri Feb 24 09:33:02 2023] pci 0000:00:1f.3: [8086:a348] type 00 class 0x040300
[Fri Feb 24 09:33:02 2023] pci 0000:00:1f.3: reg 0x10: [mem 0x4000100000-0x4000103fff 64bit]
[Fri Feb 24 09:33:02 2023] pci 0000:00:1f.3: reg 0x20: [mem 0x4000000000-0x40000fffff 64bit]
[Fri Feb 24 09:33:02 2023] pci 0000:00:1f.3: PME# supported from D3hot D3cold
[Fri Feb 24 09:33:02 2023] pci 0000:00:1f.3: System wakeup disabled by ACPI
[Fri Feb 24 09:33:02 2023] pci 0000:00:1f.4: [8086:a323] type 00 class 0x0c0500
[Fri Feb 24 09:33:02 2023] pci 0000:00:1f.4: reg 0x10: [mem 0x4000104000-0x40001040ff 64bit]
[Fri Feb 24 09:33:02 2023] pci 0000:00:1f.4: reg 0x20: [io  0xefa0-0xefbf]
[Fri Feb 24 09:33:02 2023] pci 0000:00:1f.5: [8086:a324] type 00 class 0x0c8000
[Fri Feb 24 09:33:02 2023] pci 0000:00:1f.5: reg 0x10: [mem 0xfe010000-0xfe010fff]
[Fri Feb 24 09:33:02 2023] pci 0000:00:1f.6: [8086:15bb] type 00 class 0x020000
[Fri Feb 24 09:33:02 2023] pci 0000:00:1f.6: reg 0x10: [mem 0xe1100000-0xe111ffff]
[Fri Feb 24 09:33:02 2023] pci 0000:00:1f.6: PME# supported from D0 D3hot D3cold
[Fri Feb 24 09:33:02 2023] pci 0000:00:1f.6: System wakeup disabled by ACPI
[Fri Feb 24 09:33:02 2023] pci 0000:01:00.0: [8086:10d3] type 00 class 0x020000
[Fri Feb 24 09:33:02 2023] pci 0000:01:00.0: reg 0x10: [mem 0xe1080000-0xe109ffff]
[Fri Feb 24 09:33:02 2023] pci 0000:01:00.0: reg 0x14: [mem 0xe1000000-0xe107ffff]
[Fri Feb 24 09:33:02 2023] pci 0000:01:00.0: reg 0x18: [io  0x3000-0x301f]
[Fri Feb 24 09:33:02 2023] pci 0000:01:00.0: reg 0x1c: [mem 0xe10a0000-0xe10a3fff]
[Fri Feb 24 09:33:02 2023] pci 0000:01:00.0: reg 0x30: [mem 0xfffc0000-0xffffffff pref]
[Fri Feb 24 09:33:02 2023] pci 0000:01:00.0: PME# supported from D0 D3hot D3cold
[Fri Feb 24 09:33:02 2023] pci 0000:01:00.0: 2.000 Gb/s available PCIe bandwidth, limited by 2.5 GT/s x1 link at 0000:00:1c.0 (capable of 7.876 Gb/s with 8 GT/s x1 link)
[Fri Feb 24 09:33:02 2023] pci 0000:01:00.0: System wakeup disabled by ACPI
[Fri Feb 24 09:33:02 2023] pci 0000:00:1c.0: PCI bridge to [bus 01]
[Fri Feb 24 09:33:02 2023] pci 0000:00:1c.0:   bridge window [io  0x3000-0x3fff]
[Fri Feb 24 09:33:02 2023] pci 0000:00:1c.0:   bridge window [mem 0xe1000000-0xe10fffff]
[Fri Feb 24 09:33:02 2023] ACPI: EC: GPE = 0x6e, I/O: command/status = 0x66, data = 0x62
[Fri Feb 24 09:33:02 2023] vgaarb: device added: PCI:0000:00:02.0,decodes=io+mem,owns=io+mem,locks=none
[Fri Feb 24 09:33:02 2023] vgaarb: loaded
[Fri Feb 24 09:33:02 2023] vgaarb: bridge control possible 0000:00:02.0
[Fri Feb 24 09:33:02 2023] SCSI subsystem initialized
[Fri Feb 24 09:33:02 2023] ACPI: bus type USB registered
[Fri Feb 24 09:33:02 2023] usbcore: registered new interface driver usbfs
[Fri Feb 24 09:33:02 2023] usbcore: registered new interface driver hub
[Fri Feb 24 09:33:02 2023] usbcore: registered new device driver usb
[Fri Feb 24 09:33:02 2023] EDAC MC: Ver: 3.0.0
[Fri Feb 24 09:33:02 2023] Registered efivars operations
[Fri Feb 24 09:33:02 2023] PCI: Using ACPI for IRQ routing
[Fri Feb 24 09:33:02 2023] PCI: pci_cache_line_size set to 64 bytes
[Fri Feb 24 09:33:02 2023] e820: reserve RAM buffer [mem 0x0009f000-0x0009ffff]
[Fri Feb 24 09:33:02 2023] e820: reserve RAM buffer [mem 0xc26ab000-0xc3ffffff]
[Fri Feb 24 09:33:02 2023] e820: reserve RAM buffer [mem 0xc3c10000-0xc3ffffff]
[Fri Feb 24 09:33:02 2023] e820: reserve RAM buffer [mem 0x82f800000-0x82fffffff]
[Fri Feb 24 09:33:02 2023] NetLabel: Initializing
[Fri Feb 24 09:33:02 2023] NetLabel:  domain hash size = 128
[Fri Feb 24 09:33:02 2023] NetLabel:  protocols = UNLABELED CIPSOv4
[Fri Feb 24 09:33:02 2023] NetLabel:  unlabeled traffic allowed by default
[Fri Feb 24 09:33:02 2023] hpet0: at MMIO 0xfed00000, IRQs 2, 8, 0, 0, 0, 0, 0, 0
[Fri Feb 24 09:33:02 2023] hpet0: 8 comparators, 64-bit 24.000000 MHz counter
[Fri Feb 24 09:33:02 2023] amd_nb: Cannot enumerate AMD northbridges
[Fri Feb 24 09:33:02 2023] Switched to clocksource hpet
[Fri Feb 24 09:33:02 2023] pnp: PnP ACPI init
[Fri Feb 24 09:33:02 2023] ACPI: bus type PNP registered
[Fri Feb 24 09:33:02 2023] system 00:00: [mem 0x40000000-0x403fffff] could not be reserved
[Fri Feb 24 09:33:02 2023] system 00:00: Plug and Play ACPI device, IDs PNP0c02 (active)
[Fri Feb 24 09:33:02 2023] system 00:01: [io  0x1800-0x18fe] could not be reserved
[Fri Feb 24 09:33:02 2023] system 00:01: [mem 0xfd000000-0xfd69ffff] has been reserved
[Fri Feb 24 09:33:02 2023] system 00:01: [mem 0xfd6c0000-0xfd6cffff] has been reserved
[Fri Feb 24 09:33:02 2023] system 00:01: [mem 0xfd6f0000-0xfdffffff] has been reserved
[Fri Feb 24 09:33:02 2023] system 00:01: [mem 0xfe000000-0xfe01ffff] could not be reserved
[Fri Feb 24 09:33:02 2023] system 00:01: [mem 0xfe200000-0xfe7fffff] has been reserved
[Fri Feb 24 09:33:02 2023] system 00:01: [mem 0xff000000-0xffffffff] has been reserved
[Fri Feb 24 09:33:02 2023] system 00:01: Plug and Play ACPI device, IDs PNP0c02 (active)
[Fri Feb 24 09:33:02 2023] system 00:02: [io  0x2000-0x20fe] has been reserved
[Fri Feb 24 09:33:02 2023] system 00:02: Plug and Play ACPI device, IDs PNP0c02 (active)
[Fri Feb 24 09:33:02 2023] system 00:03: [io  0x0680-0x069f] has been reserved
[Fri Feb 24 09:33:02 2023] system 00:03: [io  0x164e-0x164f] has been reserved
[Fri Feb 24 09:33:02 2023] system 00:03: Plug and Play ACPI device, IDs PNP0c02 (active)
[Fri Feb 24 09:33:02 2023] pnp 00:04: Plug and Play ACPI device, IDs PNP0b00 (active)
[Fri Feb 24 09:33:02 2023] system 00:05: [io  0x1854-0x1857] has been reserved
[Fri Feb 24 09:33:02 2023] system 00:05: Plug and Play ACPI device, IDs INT3f0d PNP0c02 (active)
[Fri Feb 24 09:33:02 2023] pnp 00:06: Plug and Play ACPI device, IDs HPQ8002 PNP0303 (active)
[Fri Feb 24 09:33:02 2023] pnp 00:07: Plug and Play ACPI device, IDs PNP0f13 SYN0100 SYN0002 (active)
[Fri Feb 24 09:33:02 2023] system 00:08: [io  0x0200-0x023f] has been reserved
[Fri Feb 24 09:33:02 2023] system 00:08: [mem 0xfedb0000-0xfedbffff] has been reserved
[Fri Feb 24 09:33:02 2023] system 00:08: Plug and Play ACPI device, IDs PNP0c02 (active)
[Fri Feb 24 09:33:02 2023] system 00:09: [mem 0xfd6e0000-0xfd6effff] has been reserved
[Fri Feb 24 09:33:02 2023] system 00:09: [mem 0xfd6d0000-0xfd6dffff] has been reserved
[Fri Feb 24 09:33:02 2023] system 00:09: [mem 0xfd6b0000-0xfd6bffff] has been reserved
[Fri Feb 24 09:33:02 2023] system 00:09: [mem 0xfd6a0000-0xfd6affff] has been reserved
[Fri Feb 24 09:33:02 2023] system 00:09: Plug and Play ACPI device, IDs PNP0c02 (active)
[Fri Feb 24 09:33:02 2023] system 00:0a: Plug and Play ACPI device, IDs PNP0c02 (active)
[Fri Feb 24 09:33:02 2023] system 00:0b: [mem 0xfed10000-0xfed17fff] has been reserved
[Fri Feb 24 09:33:02 2023] system 00:0b: [mem 0xfed18000-0xfed18fff] has been reserved
[Fri Feb 24 09:33:02 2023] system 00:0b: [mem 0xfed19000-0xfed19fff] has been reserved
[Fri Feb 24 09:33:02 2023] system 00:0b: [mem 0xf0000000-0xf7ffffff] has been reserved
[Fri Feb 24 09:33:02 2023] system 00:0b: [mem 0xfed20000-0xfed3ffff] has been reserved
[Fri Feb 24 09:33:02 2023] system 00:0b: [mem 0xfed90000-0xfed93fff] could not be reserved
[Fri Feb 24 09:33:02 2023] system 00:0b: [mem 0xfed45000-0xfed8ffff] has been reserved
[Fri Feb 24 09:33:02 2023] system 00:0b: [mem 0xfee00000-0xfeefffff] has been reserved
[Fri Feb 24 09:33:02 2023] system 00:0b: Plug and Play ACPI device, IDs PNP0c02 (active)
[Fri Feb 24 09:33:02 2023] pnp: PnP ACPI: found 12 devices
[Fri Feb 24 09:33:02 2023] ACPI: bus type PNP unregistered
[Fri Feb 24 09:33:02 2023] pci 0000:01:00.0: can't claim BAR 6 [mem 0xfffc0000-0xffffffff pref]: no compatible bridge window
[Fri Feb 24 09:33:02 2023] pci 0000:01:00.0: BAR 6: assigned [mem 0xe10c0000-0xe10fffff pref]
[Fri Feb 24 09:33:02 2023] pci 0000:00:1c.0: PCI bridge to [bus 01]
[Fri Feb 24 09:33:02 2023] pci 0000:00:1c.0:   bridge window [io  0x3000-0x3fff]
[Fri Feb 24 09:33:02 2023] pci 0000:00:1c.0:   bridge window [mem 0xe1000000-0xe10fffff]
[Fri Feb 24 09:33:02 2023] pci_bus 0000:00: resource 4 [io  0x0000-0x0cf7 window]
[Fri Feb 24 09:33:02 2023] pci_bus 0000:00: resource 5 [io  0x0d00-0xffff window]
[Fri Feb 24 09:33:02 2023] pci_bus 0000:00: resource 6 [mem 0x000a0000-0x000bffff window]
[Fri Feb 24 09:33:02 2023] pci_bus 0000:00: resource 7 [mem 0xcc800000-0xefffffff window]
[Fri Feb 24 09:33:02 2023] pci_bus 0000:00: resource 8 [mem 0x4000000000-0x7fffffffff window]
[Fri Feb 24 09:33:02 2023] pci_bus 0000:00: resource 9 [mem 0xfc800000-0xfe7fffff window]
[Fri Feb 24 09:33:02 2023] pci_bus 0000:01: resource 0 [io  0x3000-0x3fff]
[Fri Feb 24 09:33:02 2023] pci_bus 0000:01: resource 1 [mem 0xe1000000-0xe10fffff]
[Fri Feb 24 09:33:02 2023] NET: Registered protocol family 2
[Fri Feb 24 09:33:02 2023] TCP established hash table entries: 262144 (order: 9, 2097152 bytes)
[Fri Feb 24 09:33:02 2023] TCP bind hash table entries: 65536 (order: 8, 1048576 bytes)
[Fri Feb 24 09:33:02 2023] TCP: Hash tables configured (established 262144 bind 65536)
[Fri Feb 24 09:33:02 2023] TCP: reno registered
[Fri Feb 24 09:33:02 2023] UDP hash table entries: 16384 (order: 7, 524288 bytes)
[Fri Feb 24 09:33:02 2023] UDP-Lite hash table entries: 16384 (order: 7, 524288 bytes)
[Fri Feb 24 09:33:02 2023] NET: Registered protocol family 1
[Fri Feb 24 09:33:02 2023] pci 0000:00:02.0: Boot video device
[Fri Feb 24 09:33:02 2023] PCI: CLS 64 bytes, default 64
[Fri Feb 24 09:33:02 2023] Unpacking initramfs...
[Fri Feb 24 09:33:02 2023] Freeing initrd memory: 32104k freed
[Fri Feb 24 09:33:02 2023] PCI-DMA: Using software bounce buffering for IO (SWIOTLB)
[Fri Feb 24 09:33:02 2023] software IO TLB [mem 0xb9f9f000-0xbdf9f000] (64MB) mapped at [ffff890639f9f000-ffff89063df9efff]
[Fri Feb 24 09:33:02 2023] RAPL PMU: API unit is 2^-32 Joules, 5 fixed counters, 655360 ms ovfl timer
[Fri Feb 24 09:33:02 2023] RAPL PMU: hw unit of domain pp0-core 2^-14 Joules
[Fri Feb 24 09:33:02 2023] RAPL PMU: hw unit of domain package 2^-14 Joules
[Fri Feb 24 09:33:02 2023] RAPL PMU: hw unit of domain dram 2^-14 Joules
[Fri Feb 24 09:33:02 2023] RAPL PMU: hw unit of domain pp1-gpu 2^-14 Joules
[Fri Feb 24 09:33:02 2023] RAPL PMU: hw unit of domain psys 2^-14 Joules
[Fri Feb 24 09:33:02 2023] sha1_ssse3: Using AVX2 optimized SHA-1 implementation
[Fri Feb 24 09:33:02 2023] sha256_ssse3: Using AVX2 optimized SHA-256 implementation
[Fri Feb 24 09:33:02 2023] futex hash table entries: 2048 (order: 5, 131072 bytes)
[Fri Feb 24 09:33:02 2023] Initialise system trusted keyring
[Fri Feb 24 09:33:02 2023] audit: initializing netlink socket (disabled)
[Fri Feb 24 09:33:02 2023] type=2000 audit(1677231183.833:1): initialized
[Fri Feb 24 09:33:02 2023] HugeTLB registered 1 GB page size, pre-allocated 0 pages
[Fri Feb 24 09:33:02 2023] HugeTLB registered 2 MB page size, pre-allocated 0 pages
[Fri Feb 24 09:33:02 2023] zpool: loaded
[Fri Feb 24 09:33:02 2023] zbud: loaded
[Fri Feb 24 09:33:02 2023] VFS: Disk quotas dquot_6.5.2
[Fri Feb 24 09:33:02 2023] Dquot-cache hash table entries: 512 (order 0, 4096 bytes)
[Fri Feb 24 09:33:02 2023] Key type big_key registered
[Fri Feb 24 09:33:02 2023] SELinux:  Registering netfilter hooks
[Fri Feb 24 09:33:02 2023] NET: Registered protocol family 38
[Fri Feb 24 09:33:02 2023] Key type asymmetric registered
[Fri Feb 24 09:33:02 2023] Asymmetric key parser 'x509' registered
[Fri Feb 24 09:33:02 2023] Block layer SCSI generic (bsg) driver version 0.4 loaded (major 248)
[Fri Feb 24 09:33:02 2023] io scheduler noop registered
[Fri Feb 24 09:33:02 2023] io scheduler deadline registered (default)
[Fri Feb 24 09:33:02 2023] io scheduler cfq registered
[Fri Feb 24 09:33:02 2023] io scheduler mq-deadline registered
[Fri Feb 24 09:33:02 2023] io scheduler kyber registered
[Fri Feb 24 09:33:02 2023] pcieport 0000:00:1c.0: irq 122 for MSI/MSI-X
[Fri Feb 24 09:33:02 2023] aer 0000:00:1c.0:pcie002: service driver aer loaded
[Fri Feb 24 09:33:02 2023] pcieport 0000:00:1c.0: Signaling PME through PCIe PME interrupt
[Fri Feb 24 09:33:02 2023] pci 0000:01:00.0: Signaling PME through PCIe PME interrupt
[Fri Feb 24 09:33:02 2023] pcie_pme 0000:00:1c.0:pcie001: service driver pcie_pme loaded
[Fri Feb 24 09:33:02 2023] pci_hotplug: PCI Hot Plug PCI Core version: 0.5
[Fri Feb 24 09:33:02 2023] pciehp: PCI Express Hot Plug Controller Driver version: 0.4
[Fri Feb 24 09:33:02 2023] shpchp: Standard Hot Plug PCI Controller Driver version: 0.4
[Fri Feb 24 09:33:02 2023] efifb: probing for efifb
[Fri Feb 24 09:33:02 2023] efifb: framebuffer at 0xd0000000, mapped to 0xffffb5e683800000, using 6892k, total 6890k
[Fri Feb 24 09:33:02 2023] efifb: mode is 1680x1050x32, linelength=6720, pages=1
[Fri Feb 24 09:33:02 2023] efifb: scrolling: redraw
[Fri Feb 24 09:33:02 2023] efifb: Truecolor: size=8:8:8:8, shift=24:16:8:0
[Fri Feb 24 09:33:02 2023] Console: switching to colour frame buffer device 210x65
[Fri Feb 24 09:33:02 2023] fb0: EFI VGA frame buffer device
[Fri Feb 24 09:33:02 2023] intel_idle: MWAIT substates: 0x11142120
[Fri Feb 24 09:33:02 2023] intel_idle: v0.4.1 model 0x9E
[Fri Feb 24 09:33:02 2023] intel_idle: lapic_timer_reliable_states 0xffffffff
[Fri Feb 24 09:33:02 2023] input: Sleep Button as /devices/LNXSYSTM:00/device:00/PNP0C0E:00/input/input0
[Fri Feb 24 09:33:02 2023] ACPI: Sleep Button [SLPB]
[Fri Feb 24 09:33:02 2023] input: Power Button as /devices/LNXSYSTM:00/device:00/PNP0C0C:00/input/input1
[Fri Feb 24 09:33:02 2023] ACPI: Power Button [PWRB]
[Fri Feb 24 09:33:02 2023] input: Power Button as /devices/LNXSYSTM:00/LNXPWRBN:00/input/input2
[Fri Feb 24 09:33:02 2023] ACPI: Power Button [PWRF]
[Fri Feb 24 09:33:02 2023] ACPI: Requesting acpi_cpufreq
[Fri Feb 24 09:33:02 2023] thermal LNXTHERM:00: registered as thermal_zone0
[Fri Feb 24 09:33:02 2023] ACPI: Thermal Zone [HEPZ] (30 C)
[Fri Feb 24 09:33:02 2023] GHES: HEST is not enabled!
[Fri Feb 24 09:33:02 2023] Serial: 8250/16550 driver, 4 ports, IRQ sharing enabled
[Fri Feb 24 09:33:02 2023] Non-volatile memory driver v1.3
[Fri Feb 24 09:33:02 2023] Linux agpgart interface v0.103
[Fri Feb 24 09:33:02 2023] tpm_tis IFX0785:00: 2.0 TPM (device-id 0x1B, rev-id 22)
[Fri Feb 24 09:33:02 2023] crash memory driver: version 1.1
[Fri Feb 24 09:33:02 2023] rdac: device handler registered
[Fri Feb 24 09:33:02 2023] hp_sw: device handler registered
[Fri Feb 24 09:33:02 2023] emc: device handler registered
[Fri Feb 24 09:33:02 2023] alua: device handler registered
[Fri Feb 24 09:33:02 2023] libphy: Fixed MDIO Bus: probed
[Fri Feb 24 09:33:02 2023] ehci_hcd: USB 2.0 'Enhanced' Host Controller (EHCI) Driver
[Fri Feb 24 09:33:02 2023] ehci-pci: EHCI PCI platform driver
[Fri Feb 24 09:33:02 2023] ohci_hcd: USB 1.1 'Open' Host Controller (OHCI) Driver
[Fri Feb 24 09:33:02 2023] ohci-pci: OHCI PCI platform driver
[Fri Feb 24 09:33:02 2023] uhci_hcd: USB Universal Host Controller Interface driver
[Fri Feb 24 09:33:02 2023] xhci_hcd 0000:00:14.0: xHCI Host Controller
[Fri Feb 24 09:33:02 2023] xhci_hcd 0000:00:14.0: new USB bus registered, assigned bus number 1
[Fri Feb 24 09:33:02 2023] xhci_hcd 0000:00:14.0: hcc params 0x200077c1 hci version 0x110 quirks 0x0000000000009810
[Fri Feb 24 09:33:02 2023] xhci_hcd 0000:00:14.0: cache line size of 64 is not supported
[Fri Feb 24 09:33:02 2023] xhci_hcd 0000:00:14.0: irq 123 for MSI/MSI-X
[Fri Feb 24 09:33:02 2023] usb usb1: New USB device found, idVendor=1d6b, idProduct=0002, bcdDevice= 3.10
[Fri Feb 24 09:33:02 2023] usb usb1: New USB device strings: Mfr=3, Product=2, SerialNumber=1
[Fri Feb 24 09:33:02 2023] usb usb1: Product: xHCI Host Controller
[Fri Feb 24 09:33:02 2023] usb usb1: Manufacturer: Linux 3.10.0-1160.83.1.el7.x86_64 xhci-hcd
[Fri Feb 24 09:33:02 2023] usb usb1: SerialNumber: 0000:00:14.0
[Fri Feb 24 09:33:02 2023] hub 1-0:1.0: USB hub found
[Fri Feb 24 09:33:02 2023] hub 1-0:1.0: 16 ports detected
[Fri Feb 24 09:33:02 2023] xhci_hcd 0000:00:14.0: xHCI Host Controller
[Fri Feb 24 09:33:02 2023] xhci_hcd 0000:00:14.0: new USB bus registered, assigned bus number 2
[Fri Feb 24 09:33:02 2023] xhci_hcd 0000:00:14.0: Host supports USB 3.1 Enhanced SuperSpeed
[Fri Feb 24 09:33:02 2023] usb usb2: New USB device found, idVendor=1d6b, idProduct=0003, bcdDevice= 3.10
[Fri Feb 24 09:33:02 2023] usb usb2: New USB device strings: Mfr=3, Product=2, SerialNumber=1
[Fri Feb 24 09:33:02 2023] usb usb2: Product: xHCI Host Controller
[Fri Feb 24 09:33:02 2023] usb usb2: Manufacturer: Linux 3.10.0-1160.83.1.el7.x86_64 xhci-hcd
[Fri Feb 24 09:33:02 2023] usb usb2: SerialNumber: 0000:00:14.0
[Fri Feb 24 09:33:02 2023] hub 2-0:1.0: USB hub found
[Fri Feb 24 09:33:02 2023] hub 2-0:1.0: 10 ports detected
[Fri Feb 24 09:33:02 2023] usbcore: registered new interface driver usbserial_generic
[Fri Feb 24 09:33:02 2023] usbserial: USB Serial support registered for generic
[Fri Feb 24 09:33:02 2023] i8042: PNP: PS/2 Controller [PNP0303:PS2K,PNP0f13:PS2M] at 0x60,0x64 irq 1,12
[Fri Feb 24 09:33:02 2023] serio: i8042 KBD port at 0x60,0x64 irq 1
[Fri Feb 24 09:33:02 2023] serio: i8042 AUX port at 0x60,0x64 irq 12
[Fri Feb 24 09:33:02 2023] mousedev: PS/2 mouse device common for all mice
[Fri Feb 24 09:33:02 2023] rtc_cmos 00:04: RTC can wake from S4
[Fri Feb 24 09:33:02 2023] rtc_cmos 00:04: rtc core: registered rtc_cmos as rtc0
[Fri Feb 24 09:33:02 2023] rtc_cmos 00:04: alarms up to one month, y3k, 242 bytes nvram, hpet irqs
[Fri Feb 24 09:33:02 2023] intel_pstate: Intel P-state driver initializing
[Fri Feb 24 09:33:02 2023] intel_pstate: Disabling energy efficiency optimization
[Fri Feb 24 09:33:02 2023] intel_pstate: HWP enabled
[Fri Feb 24 09:33:02 2023] cpuidle: using governor menu
[Fri Feb 24 09:33:02 2023] EFI Variables Facility v0.08 2004-May-17
[Fri Feb 24 09:33:03 2023] hidraw: raw HID events driver (C) Jiri Kosina
[Fri Feb 24 09:33:03 2023] usbcore: registered new interface driver usbhid
[Fri Feb 24 09:33:03 2023] usbhid: USB HID core driver
[Fri Feb 24 09:33:03 2023] drop_monitor: Initializing network drop monitor service
[Fri Feb 24 09:33:03 2023] Netfilter messages via NETLINK v0.30.
[Fri Feb 24 09:33:03 2023] TCP: cubic registered
[Fri Feb 24 09:33:03 2023] Initializing XFRM netlink socket
[Fri Feb 24 09:33:03 2023] NET: Registered protocol family 10
[Fri Feb 24 09:33:03 2023] NET: Registered protocol family 17
[Fri Feb 24 09:33:03 2023] mpls_gso: MPLS GSO support
[Fri Feb 24 09:33:03 2023] mce: Using 14 MCE banks
[Fri Feb 24 09:33:03 2023] microcode: sig=0x906ed, pf=0x2, revision=0xf4
[Fri Feb 24 09:33:03 2023] microcode: Microcode Update Driver: v2.01 <tigran@aivazian.fsnet.co.uk>, Peter Oruba
[Fri Feb 24 09:33:03 2023] Loading compiled-in X.509 certificates
[Fri Feb 24 09:33:03 2023] Loaded X.509 cert 'CentOS Linux kpatch signing key: ea0413152cde1d98ebdca3fe6f0230904c9ef717'
[Fri Feb 24 09:33:03 2023] Loaded X.509 cert 'CentOS Linux Driver update signing key: 7f421ee0ab69461574bb358861dbe77762a4201b'
[Fri Feb 24 09:33:03 2023] Loaded X.509 cert 'CentOS Linux kernel signing key: 833de5b797c7f1860d1feac806b6dafed078f069'
[Fri Feb 24 09:33:03 2023] EFI: Loaded cert 'HP Inc.: HP UEFI Secure Boot DB 2017: d9c01b50cfcae89d3b05345c163aa76e5dd589e7' linked to '.system_keyring'
[Fri Feb 24 09:33:03 2023] EFI: Loaded cert 'Microsoft Windows Production PCA 2011: a92902398e16c49778cd90f99e4f9ae17c55af53' linked to '.system_keyring'
[Fri Feb 24 09:33:03 2023] EFI: Loaded cert 'Microsoft Corporation UEFI CA 2011: 13adbf4309bd82709c8cd54f316ed522988a1bd4' linked to '.system_keyring'
[Fri Feb 24 09:33:03 2023] EFI: Loaded cert 'CentOS Secure Boot CA 2: 70007f99209c126be14774eaec7b6d9631f34dca' linked to '.system_keyring'
[Fri Feb 24 09:33:03 2023] MokListRT signatures loaded from EFI MOKvar config table
[Fri Feb 24 09:33:03 2023] registered taskstats version 1
[Fri Feb 24 09:33:03 2023] page_owner is disabled
[Fri Feb 24 09:33:03 2023] Key type trusted registered
[Fri Feb 24 09:33:03 2023] Key type encrypted registered
[Fri Feb 24 09:33:03 2023] BERT: Boot Error Record Table support is disabled. Enable it by using bert_enable as kernel parameter.
[Fri Feb 24 09:33:03 2023]   Magic number: 11:760:576
[Fri Feb 24 09:33:03 2023] rtc_cmos 00:04: setting system clock to 2023-02-24 09:33:04 UTC (1677231184)
[Fri Feb 24 09:33:03 2023] Freeing unused kernel memory: 2176k freed
[Fri Feb 24 09:33:03 2023] Write protecting the kernel read-only data: 12288k
[Fri Feb 24 09:33:03 2023] Freeing unused kernel memory: 192k freed
[Fri Feb 24 09:33:03 2023] Freeing unused kernel memory: 528k freed
[Fri Feb 24 09:33:03 2023] usb 1-4: new low-speed USB device number 2 using xhci_hcd
[Fri Feb 24 09:33:03 2023] random: systemd: uninitialized urandom read (16 bytes read)
[Fri Feb 24 09:33:03 2023] random: systemd: uninitialized urandom read (16 bytes read)
[Fri Feb 24 09:33:03 2023] random: systemd: uninitialized urandom read (16 bytes read)
[Fri Feb 24 09:33:03 2023] systemd[1]: systemd 219 running in system mode. (+PAM +AUDIT +SELINUX +IMA -APPARMOR +SMACK +SYSVINIT +UTMP +LIBCRYPTSETUP +GCRYPT +GNUTLS +ACL +XZ +LZ4 -SECCOMP +BLKID +ELFUTILS +KMOD +IDN)
[Fri Feb 24 09:33:03 2023] systemd[1]: Detected architecture x86-64.
[Fri Feb 24 09:33:03 2023] systemd[1]: Running in initial RAM disk.
[Fri Feb 24 09:33:03 2023] systemd[1]: Set hostname to <bifur>.
[Fri Feb 24 09:33:03 2023] random: systemd: uninitialized urandom read (16 bytes read)
[Fri Feb 24 09:33:03 2023] random: systemd: uninitialized urandom read (16 bytes read)
[Fri Feb 24 09:33:03 2023] random: systemd: uninitialized urandom read (16 bytes read)
[Fri Feb 24 09:33:03 2023] random: systemd: uninitialized urandom read (16 bytes read)
[Fri Feb 24 09:33:03 2023] random: systemd: uninitialized urandom read (16 bytes read)
[Fri Feb 24 09:33:03 2023] random: systemd: uninitialized urandom read (16 bytes read)
[Fri Feb 24 09:33:03 2023] random: systemd: uninitialized urandom read (16 bytes read)
[Fri Feb 24 09:33:03 2023] systemd[1]: Created slice Root Slice.
[Fri Feb 24 09:33:03 2023] systemd[1]: Reached target Swap.
[Fri Feb 24 09:33:03 2023] systemd[1]: Created slice System Slice.
[Fri Feb 24 09:33:03 2023] systemd[1]: Reached target Slices.
[Fri Feb 24 09:33:03 2023] systemd[1]: Reached target Timers.
[Fri Feb 24 09:33:03 2023] systemd[1]: Listening on udev Kernel Socket.
[Fri Feb 24 09:33:03 2023] systemd[1]: Reached target Local File Systems.
[Fri Feb 24 09:33:03 2023] systemd[1]: Listening on udev Control Socket.
[Fri Feb 24 09:33:03 2023] systemd[1]: Listening on Journal Socket.
[Fri Feb 24 09:33:03 2023] systemd[1]: Reached target Sockets.
[Fri Feb 24 09:33:03 2023] systemd[1]: Starting Journal Service...
[Fri Feb 24 09:33:03 2023] systemd[1]: Starting Create list of required static device nodes for the current kernel...
[Fri Feb 24 09:33:03 2023] systemd[1]: Starting Setup Virtual Console...
[Fri Feb 24 09:33:03 2023] systemd[1]: Starting Load Kernel Modules...
[Fri Feb 24 09:33:03 2023] systemd[1]: Starting dracut cmdline hook...
[Fri Feb 24 09:33:03 2023] systemd[1]: Started Create list of required static device nodes for the current kernel.
[Fri Feb 24 09:33:03 2023] systemd[1]: Starting Create Static Device Nodes in /dev...
[Fri Feb 24 09:33:03 2023] systemd[1]: Started Create Static Device Nodes in /dev.
[Fri Feb 24 09:33:03 2023] fuse init (API version 7.23)
[Fri Feb 24 09:33:03 2023] systemd[1]: Started Load Kernel Modules.
[Fri Feb 24 09:33:03 2023] systemd[1]: Starting Apply Kernel Variables...
[Fri Feb 24 09:33:03 2023] systemd[1]: Started Apply Kernel Variables.
[Fri Feb 24 09:33:03 2023] systemd[1]: Started Setup Virtual Console.
[Fri Feb 24 09:33:03 2023] systemd[1]: Started dracut cmdline hook.
[Fri Feb 24 09:33:03 2023] systemd[1]: Starting dracut pre-udev hook...
[Fri Feb 24 09:33:03 2023] systemd[1]: Started Journal Service.
[Fri Feb 24 09:33:03 2023] usb 1-4: New USB device found, idVendor=03f0, idProduct=304a, bcdDevice= 0.11
[Fri Feb 24 09:33:03 2023] usb 1-4: New USB device strings: Mfr=1, Product=2, SerialNumber=0
[Fri Feb 24 09:33:03 2023] usb 1-4: Product: HP Business Slim Keyboard
[Fri Feb 24 09:33:03 2023] usb 1-4: Manufacturer: Chicony
[Fri Feb 24 09:33:03 2023] input: Chicony HP Business Slim Keyboard as /devices/pci0000:00/0000:00:14.0/usb1/1-4/1-4:1.0/input/input3
[Fri Feb 24 09:33:03 2023] device-mapper: uevent: version 1.0.3
[Fri Feb 24 09:33:03 2023] device-mapper: ioctl: 4.37.1-ioctl (2018-04-03) initialised: dm-devel@redhat.com
[Fri Feb 24 09:33:03 2023] hid-generic 0003:03F0:304A.0001: input,hidraw0: USB HID v1.10 Keyboard [Chicony HP Business Slim Keyboard] on usb-0000:00:14.0-4/input0
[Fri Feb 24 09:33:03 2023] input: Chicony HP Business Slim Keyboard as /devices/pci0000:00/0000:00:14.0/usb1/1-4/1-4:1.1/input/input4
[Fri Feb 24 09:33:03 2023] pps_core: LinuxPPS API ver. 1 registered
[Fri Feb 24 09:33:03 2023] pps_core: Software ver. 5.3.6 - Copyright 2005-2007 Rodolfo Giometti <giometti@linux.it>
[Fri Feb 24 09:33:03 2023] PTP clock support registered
[Fri Feb 24 09:33:03 2023] libata version 3.00 loaded.
[Fri Feb 24 09:33:03 2023] e1000e: Intel(R) PRO/1000 Network Driver - 3.2.6-k
[Fri Feb 24 09:33:03 2023] e1000e: Copyright(c) 1999 - 2015 Intel Corporation.
[Fri Feb 24 09:33:03 2023] e1000e 0000:00:1f.6: Interrupt Throttling Rate (ints/sec) set to dynamic conservative mode
[Fri Feb 24 09:33:03 2023] e1000e 0000:00:1f.6: irq 124 for MSI/MSI-X
[Fri Feb 24 09:33:03 2023] hid-generic 0003:03F0:304A.0002: input,hiddev0,hidraw1: USB HID v1.10 Device [Chicony HP Business Slim Keyboard] on usb-0000:00:14.0-4/input1
[Fri Feb 24 09:33:03 2023] e1000e 0000:00:1f.6 (unregistered net_device) (uninitialized): registered PHC clock
[Fri Feb 24 09:33:03 2023] usb 1-9: new low-speed USB device number 3 using xhci_hcd
[Fri Feb 24 09:33:03 2023] e1000e 0000:00:1f.6 eth0: (PCI Express:2.5GT/s:Width x1) 9c:7b:ef:4d:86:a5
[Fri Feb 24 09:33:03 2023] e1000e 0000:00:1f.6 eth0: Intel(R) PRO/1000 Network Connection
[Fri Feb 24 09:33:03 2023] e1000e 0000:00:1f.6 eth0: MAC: 13, PHY: 12, PBA No: FFFFFF-0FF
[Fri Feb 24 09:33:03 2023] e1000e 0000:01:00.0: Disabling ASPM  L1
[Fri Feb 24 09:33:03 2023] ahci 0000:00:17.0: version 3.0
[Fri Feb 24 09:33:03 2023] ahci 0000:00:17.0: irq 125 for MSI/MSI-X
[Fri Feb 24 09:33:03 2023] e1000e 0000:01:00.0: Interrupt Throttling Rate (ints/sec) set to dynamic conservative mode
[Fri Feb 24 09:33:03 2023] e1000e 0000:01:00.0: irq 126 for MSI/MSI-X
[Fri Feb 24 09:33:03 2023] e1000e 0000:01:00.0: irq 127 for MSI/MSI-X
[Fri Feb 24 09:33:03 2023] e1000e 0000:01:00.0: irq 128 for MSI/MSI-X
[Fri Feb 24 09:33:03 2023] ahci 0000:00:17.0: AHCI 0001.0301 32 slots 4 ports 6 Gbps 0xf impl SATA mode
[Fri Feb 24 09:33:03 2023] ahci 0000:00:17.0: flags: 64bit ncq sntf pm clo only pio slum part ems deso sadm sds apst 
[Fri Feb 24 09:33:03 2023] scsi host0: ahci
[Fri Feb 24 09:33:03 2023] scsi host1: ahci
[Fri Feb 24 09:33:03 2023] scsi host2: ahci
[Fri Feb 24 09:33:03 2023] scsi host3: ahci
[Fri Feb 24 09:33:03 2023] ata1: SATA max UDMA/133 abar m2048@0xe1135000 port 0xe1135100 irq 125
[Fri Feb 24 09:33:03 2023] ata2: SATA max UDMA/133 abar m2048@0xe1135000 port 0xe1135180 irq 125
[Fri Feb 24 09:33:03 2023] ata3: SATA max UDMA/133 abar m2048@0xe1135000 port 0xe1135200 irq 125
[Fri Feb 24 09:33:03 2023] ata4: SATA max UDMA/133 abar m2048@0xe1135000 port 0xe1135280 irq 125
[Fri Feb 24 09:33:03 2023] checking generic (d0000000 6bb000) vs hw (d0000000 10000000)
[Fri Feb 24 09:33:03 2023] fb: conflicting fb hw usage inteldrmfb vs EFI VGA - removing generic driver
[Fri Feb 24 09:33:03 2023] Console: switching to colour dummy device 80x25
[Fri Feb 24 09:33:03 2023] [drm] Replacing VGA console driver
[Fri Feb 24 09:33:03 2023] i915 0000:00:02.0: irq 129 for MSI/MSI-X
[Fri Feb 24 09:33:03 2023] e1000e 0000:01:00.0 (unregistered net_device) (uninitialized): registered PHC clock
[Fri Feb 24 09:33:03 2023] [drm] Supports vblank timestamp caching Rev 2 (21.10.2013).
[Fri Feb 24 09:33:03 2023] [drm] Driver supports precise vblank timestamp query.
[Fri Feb 24 09:33:03 2023] vgaarb: device changed decodes: PCI:0000:00:02.0,olddecodes=io+mem,decodes=io+mem:owns=io+mem
[Fri Feb 24 09:33:03 2023] [drm] Finished loading DMC firmware i915/kbl_dmc_ver1_04.bin (v1.4)
[Fri Feb 24 09:33:03 2023] usb 1-9: New USB device found, idVendor=03f0, idProduct=094a, bcdDevice= 1.00
[Fri Feb 24 09:33:03 2023] usb 1-9: New USB device strings: Mfr=1, Product=2, SerialNumber=0
[Fri Feb 24 09:33:03 2023] usb 1-9: Product: HP USB Optical Mouse
[Fri Feb 24 09:33:03 2023] usb 1-9: Manufacturer: PixArt
[Fri Feb 24 09:33:03 2023] input: PixArt HP USB Optical Mouse as /devices/pci0000:00/0000:00:14.0/usb1/1-9/1-9:1.0/input/input5
[Fri Feb 24 09:33:03 2023] hid-generic 0003:03F0:094A.0003: input,hidraw2: USB HID v1.11 Mouse [PixArt HP USB Optical Mouse] on usb-0000:00:14.0-9/input0
[Fri Feb 24 09:33:03 2023] e1000e 0000:01:00.0 eth1: (PCI Express:2.5GT/s:Width x1) 68:05:ca:2f:16:c2
[Fri Feb 24 09:33:03 2023] e1000e 0000:01:00.0 eth1: Intel(R) PRO/1000 Network Connection
[Fri Feb 24 09:33:03 2023] e1000e 0000:01:00.0 eth1: MAC: 3, PHY: 8, PBA No: E46981-008
[Fri Feb 24 09:33:03 2023] usb 1-13: new high-speed USB device number 4 using xhci_hcd
[Fri Feb 24 09:33:03 2023] tsc: Refined TSC clocksource calibration: 3000.055 MHz
[Fri Feb 24 09:33:03 2023] Switched to clocksource tsc
[Fri Feb 24 09:33:03 2023] usb 1-13: New USB device found, idVendor=14cd, idProduct=8608, bcdDevice= 0.00
[Fri Feb 24 09:33:03 2023] usb 1-13: New USB device strings: Mfr=1, Product=3, SerialNumber=0
[Fri Feb 24 09:33:03 2023] usb 1-13: Product: USB 2.0 Hub            
[Fri Feb 24 09:33:03 2023] usb 1-13: Manufacturer: USB Device  
[Fri Feb 24 09:33:03 2023] hub 1-13:1.0: USB hub found
[Fri Feb 24 09:33:03 2023] hub 1-13:1.0: 4 ports detected
[Fri Feb 24 09:33:03 2023] ata1: SATA link up 6.0 Gbps (SStatus 133 SControl 300)
[Fri Feb 24 09:33:03 2023] ata1.00: ACPI cmd f5/00:00:00:00:00:e0 (SECURITY FREEZE LOCK) filtered out
[Fri Feb 24 09:33:03 2023] ata1.00: ATA-10: ST1000DM003-1SB102, HPH5, max UDMA/100
[Fri Feb 24 09:33:03 2023] ata1.00: 1953525168 sectors, multi 0: LBA48 NCQ (depth 31/32), AA
[Fri Feb 24 09:33:03 2023] ata4: SATA link down (SStatus 4 SControl 300)
[Fri Feb 24 09:33:03 2023] ata2: SATA link up 1.5 Gbps (SStatus 113 SControl 300)
[Fri Feb 24 09:33:03 2023] ata3: SATA link down (SStatus 4 SControl 300)
[Fri Feb 24 09:33:03 2023] ata1.00: ACPI cmd f5/00:00:00:00:00:e0 (SECURITY FREEZE LOCK) filtered out
[Fri Feb 24 09:33:03 2023] ata1.00: configured for UDMA/100
[Fri Feb 24 09:33:03 2023] scsi 0:0:0:0: Direct-Access     ATA      ST1000DM003-1SB1 HPH5 PQ: 0 ANSI: 5
[Fri Feb 24 09:33:03 2023] ata2.00: ATAPI: hp HLDS  DVDRW  GUD1N, LD06, max UDMA/100
[Fri Feb 24 09:33:03 2023] ata2.00: configured for UDMA/100
[Fri Feb 24 09:33:03 2023] random: fast init done
[Fri Feb 24 09:33:03 2023] scsi 1:0:0:0: CD-ROM            hp HLDS  DVDRW  GUD1N     LD06 PQ: 0 ANSI: 5
[Fri Feb 24 09:33:03 2023] [drm] failed to retrieve link info, disabling eDP
[Fri Feb 24 09:33:03 2023] sd 0:0:0:0: [sda] 1953525168 512-byte logical blocks: (1.00 TB/931 GiB)
[Fri Feb 24 09:33:03 2023] sd 0:0:0:0: [sda] 4096-byte physical blocks
[Fri Feb 24 09:33:03 2023] sd 0:0:0:0: [sda] Write Protect is off
[Fri Feb 24 09:33:03 2023] sd 0:0:0:0: [sda] Mode Sense: 00 3a 00 00
[Fri Feb 24 09:33:03 2023] sd 0:0:0:0: [sda] Write cache: enabled, read cache: enabled, doesn't support DPO or FUA
[Fri Feb 24 09:33:04 2023] [drm] Initialized i915 1.6.0 20181204 for 0000:00:02.0 on minor 0
[Fri Feb 24 09:33:04 2023] ACPI: Video Device [GFX0] (multi-head: yes  rom: no  post: no)
[Fri Feb 24 09:33:04 2023] input: Video Bus as /devices/LNXSYSTM:00/device:00/PNP0A08:00/LNXVIDEO:00/input/input6
[Fri Feb 24 09:33:04 2023] sr 1:0:0:0: [sr0] scsi3-mmc drive: 24x/24x writer dvd-ram cd/rw xa/form2 cdda tray
[Fri Feb 24 09:33:04 2023] cdrom: Uniform CD-ROM driver Revision: 3.20
[Fri Feb 24 09:33:04 2023] sr 1:0:0:0: Attached scsi CD-ROM sr0
[Fri Feb 24 09:33:04 2023]  sda: sda1 sda2 sda3
[Fri Feb 24 09:33:04 2023] sd 0:0:0:0: [sda] Attached SCSI disk
[Fri Feb 24 09:33:04 2023] fbcon: inteldrmfb (fb0) is primary device
[Fri Feb 24 09:33:04 2023] Console: switching to colour frame buffer device 210x65
[Fri Feb 24 09:33:04 2023] i915 0000:00:02.0: fb0: inteldrmfb frame buffer device
[Fri Feb 24 09:33:04 2023] usb 1-13.1: new full-speed USB device number 5 using xhci_hcd
[Fri Feb 24 09:33:04 2023] usb 1-13.1: New USB device found, idVendor=10c4, idProduct=ea70, bcdDevice= 1.00
[Fri Feb 24 09:33:04 2023] usb 1-13.1: New USB device strings: Mfr=1, Product=2, SerialNumber=5
[Fri Feb 24 09:33:04 2023] usb 1-13.1: Product: CP2105 Dual USB to UART Bridge Controller
[Fri Feb 24 09:33:04 2023] usb 1-13.1: Manufacturer: Silicon Labs
[Fri Feb 24 09:33:04 2023] usb 1-13.1: SerialNumber: 01514FCF
[Fri Feb 24 09:33:04 2023] usb 1-13.4: new high-speed USB device number 6 using xhci_hcd
[Fri Feb 24 09:33:04 2023] usb 1-13.4: New USB device found, idVendor=14cd, idProduct=8608, bcdDevice= 0.00
[Fri Feb 24 09:33:04 2023] usb 1-13.4: New USB device strings: Mfr=1, Product=3, SerialNumber=0
[Fri Feb 24 09:33:04 2023] usb 1-13.4: Product: USB 2.0 Hub            
[Fri Feb 24 09:33:04 2023] usb 1-13.4: Manufacturer: USB Device  
[Fri Feb 24 09:33:04 2023] hub 1-13.4:1.0: USB hub found
[Fri Feb 24 09:33:04 2023] hub 1-13.4:1.0: 4 ports detected
[Fri Feb 24 09:33:04 2023] usb 1-13.4.4: new full-speed USB device number 7 using xhci_hcd
[Fri Feb 24 09:33:04 2023] usb 1-13.4.4: New USB device found, idVendor=10c4, idProduct=ea70, bcdDevice= 1.00
[Fri Feb 24 09:33:04 2023] usb 1-13.4.4: New USB device strings: Mfr=1, Product=2, SerialNumber=5
[Fri Feb 24 09:33:04 2023] usb 1-13.4.4: Product: CP2105 Dual USB to UART Bridge Controller
[Fri Feb 24 09:33:04 2023] usb 1-13.4.4: Manufacturer: Silicon Labs
[Fri Feb 24 09:33:04 2023] usb 1-13.4.4: SerialNumber: 01514FC0
[Fri Feb 24 09:33:04 2023] SGI XFS with ACLs, security attributes, no debug enabled
[Fri Feb 24 09:33:04 2023] random: crng init done
[Fri Feb 24 09:33:04 2023] XFS (dm-0): Mounting V5 Filesystem
[Fri Feb 24 09:33:05 2023] XFS (dm-0): Starting recovery (logdev: internal)
[Fri Feb 24 09:33:06 2023] XFS (dm-0): Ending recovery (logdev: internal)
[Fri Feb 24 09:33:09 2023] systemd-journald[131]: Received SIGTERM from PID 1 (systemd).
[Fri Feb 24 09:33:09 2023] SELinux: 2048 avtab hash slots, 112730 rules.
[Fri Feb 24 09:33:09 2023] SELinux: 2048 avtab hash slots, 112730 rules.
[Fri Feb 24 09:33:09 2023] SELinux:  8 users, 14 roles, 5046 types, 316 bools, 1 sens, 1024 cats
[Fri Feb 24 09:33:09 2023] SELinux:  130 classes, 112730 rules
[Fri Feb 24 09:33:09 2023] SELinux:  Completing initialization.
[Fri Feb 24 09:33:09 2023] SELinux:  Setting up existing superblocks.
[Fri Feb 24 09:33:09 2023] type=1403 audit(1677231191.165:2): policy loaded auid=4294967295 ses=4294967295
[Fri Feb 24 09:33:09 2023] systemd[1]: Successfully loaded SELinux policy in 194.868ms.
[Fri Feb 24 09:33:09 2023] systemd[1]: RTC configured in localtime, applying delta of 120 minutes to system time.
[Fri Feb 24 09:33:10 2023] ip_tables: (C) 2000-2006 Netfilter Core Team
[Fri Feb 24 09:33:10 2023] systemd[1]: Inserted module 'ip_tables'
[Fri Feb 24 09:33:10 2023] systemd[1]: Relabelled /dev, /run and /sys/fs/cgroup in 11.072ms.
[Fri Feb 24 09:33:12 2023] type=1400 audit(1677223993.708:3): avc:  denied  { read } for  pid=564 comm="systemd-journal" path="/usr/lib64/ld-2.17.so" dev="dm-0" ino=268833718 scontext=system_u:system_r:syslogd_t:s0 tcontext=system_u:object_r:unlabeled_t:s0 tclass=file permissive=1
[Fri Feb 24 09:33:12 2023] type=1400 audit(1677223993.708:4): avc:  denied  { execute } for  pid=564 comm="systemd-journal" path="/usr/lib64/ld-2.17.so" dev="dm-0" ino=268833718 scontext=system_u:system_r:syslogd_t:s0 tcontext=system_u:object_r:unlabeled_t:s0 tclass=file permissive=1
[Fri Feb 24 09:33:12 2023] type=1400 audit(1677223993.708:5): avc:  denied  { read } for  pid=564 comm="systemd-journal" name="liblzma.so.5" dev="dm-0" ino=269268561 scontext=system_u:system_r:syslogd_t:s0 tcontext=system_u:object_r:unlabeled_t:s0 tclass=lnk_file permissive=1
[Fri Feb 24 09:33:12 2023] type=1400 audit(1677223993.708:6): avc:  denied  { open } for  pid=564 comm="systemd-journal" path="/usr/lib64/liblzma.so.5.2.2" dev="dm-0" ino=268840236 scontext=system_u:system_r:syslogd_t:s0 tcontext=system_u:object_r:unlabeled_t:s0 tclass=file permissive=1
[Fri Feb 24 09:33:12 2023] type=1400 audit(1677223993.708:7): avc:  denied  { getattr } for  pid=564 comm="systemd-journal" path="/usr/lib64/liblzma.so.5.2.2" dev="dm-0" ino=268840236 scontext=system_u:system_r:syslogd_t:s0 tcontext=system_u:object_r:unlabeled_t:s0 tclass=file permissive=1
[Fri Feb 24 09:33:12 2023] type=1400 audit(1677223993.793:8): avc:  denied  { execute } for  pid=566 comm="systemd-readahe" path="/usr/lib64/ld-2.17.so" dev="dm-0" ino=268833718 scontext=system_u:system_r:readahead_t:s0 tcontext=system_u:object_r:unlabeled_t:s0 tclass=file permissive=1
[Fri Feb 24 09:33:12 2023] type=1400 audit(1677223993.793:9): avc:  denied  { execute } for  pid=565 comm="systemd-readahe" path="/usr/lib64/ld-2.17.so" dev="dm-0" ino=268833718 scontext=system_u:system_r:readahead_t:s0 tcontext=system_u:object_r:unlabeled_t:s0 tclass=file permissive=1
[Fri Feb 24 09:33:12 2023] type=1400 audit(1677223994.125:10): avc:  denied  { execute } for  pid=580 comm="domainname" path="/usr/lib64/ld-2.17.so" dev="dm-0" ino=268833718 scontext=system_u:system_r:hostname_t:s0 tcontext=system_u:object_r:unlabeled_t:s0 tclass=file permissive=1
[Fri Feb 24 09:33:12 2023] type=1400 audit(1677223994.126:11): avc:  denied  { open } for  pid=580 comm="domainname" path="/usr/lib64/libnsl-2.17.so" dev="dm-0" ino=268838835 scontext=system_u:system_r:hostname_t:s0 tcontext=system_u:object_r:unlabeled_t:s0 tclass=file permissive=1
[Fri Feb 24 09:33:12 2023] RPC: Registered named UNIX socket transport module.
[Fri Feb 24 09:33:12 2023] RPC: Registered udp transport module.
[Fri Feb 24 09:33:12 2023] RPC: Registered tcp transport module.
[Fri Feb 24 09:33:12 2023] RPC: Registered tcp NFSv4.1 backchannel transport module.
[Fri Feb 24 09:33:13 2023] systemd-journald[564]: Received request to flush runtime journal from PID 1
[Fri Feb 24 09:33:13 2023] Installing knfsd (copyright (C) 1996 okir@monad.swb.de).
[Fri Feb 24 09:33:14 2023] acpi PNP0C14:01: duplicate WMI GUID 05901221-D566-11D1-B2F0-00A0C9062910 (first instance was on PNP0C14:00)
[Fri Feb 24 09:33:14 2023] acpi PNP0C14:02: duplicate WMI GUID 2B814318-4BE8-4707-9D84-A190A859B5D0 (first instance was on PNP0C14:00)
[Fri Feb 24 09:33:14 2023] acpi PNP0C14:02: duplicate WMI GUID 41227C2D-80E1-423F-8B8E-87E32755A0EB (first instance was on PNP0C14:00)
[Fri Feb 24 09:33:14 2023] acpi PNP0C14:02: duplicate WMI GUID 05901221-D566-11D1-B2F0-00A0C9062910 (first instance was on PNP0C14:00)
[Fri Feb 24 09:33:14 2023] sd 0:0:0:0: Attached scsi generic sg0 type 0
[Fri Feb 24 09:33:14 2023] sr 1:0:0:0: Attached scsi generic sg1 type 5
[Fri Feb 24 09:33:14 2023] mei_me 0000:00:16.0: enabling device (0000 -> 0002)
[Fri Feb 24 09:33:14 2023] mei_me 0000:00:16.0: irq 130 for MSI/MSI-X
[Fri Feb 24 09:33:14 2023] cryptd: max_cpu_qlen set to 1000
[Fri Feb 24 09:33:14 2023] input: PC Speaker as /devices/platform/pcspkr/input/input7
[Fri Feb 24 09:33:14 2023] i801_smbus 0000:00:1f.4: enabling device (0100 -> 0103)
[Fri Feb 24 09:33:14 2023] i801_smbus 0000:00:1f.4: SMBus using PCI interrupt
[Fri Feb 24 09:33:14 2023] usbcore: registered new interface driver cp210x
[Fri Feb 24 09:33:14 2023] usbserial: USB Serial support registered for cp210x
[Fri Feb 24 09:33:14 2023] cp210x 1-13.1:1.0: cp210x converter detected
[Fri Feb 24 09:33:14 2023] usb 1-13.1: cp210x converter now attached to ttyUSB0
[Fri Feb 24 09:33:14 2023] cp210x 1-13.1:1.1: cp210x converter detected
[Fri Feb 24 09:33:14 2023] usb 1-13.1: cp210x converter now attached to ttyUSB1
[Fri Feb 24 09:33:14 2023] cp210x 1-13.4.4:1.0: cp210x converter detected
[Fri Feb 24 09:33:14 2023] usb 1-13.4.4: cp210x converter now attached to ttyUSB2
[Fri Feb 24 09:33:14 2023] cp210x 1-13.4.4:1.1: cp210x converter detected
[Fri Feb 24 09:33:14 2023] usb 1-13.4.4: cp210x converter now attached to ttyUSB3
[Fri Feb 24 09:33:15 2023] hp_wmi: query 0x4 returned error 0x5
[Fri Feb 24 09:33:15 2023] hp_wmi: query 0x4 returned error 0x5
[Fri Feb 24 09:33:15 2023] input: HP WMI hotkeys as /devices/virtual/input/input8
[Fri Feb 24 09:33:15 2023] ppdev: user-space parallel port driver
[Fri Feb 24 09:33:15 2023] AVX2 version of gcm_enc/dec engaged.
[Fri Feb 24 09:33:15 2023] AES CTR mode by8 optimization enabled
[Fri Feb 24 09:33:15 2023] alg: No test for __gcm-aes-aesni (__driver-gcm-aes-aesni)
[Fri Feb 24 09:33:15 2023] alg: No test for __generic-gcm-aes-aesni (__driver-generic-gcm-aes-aesni)
[Fri Feb 24 09:33:15 2023] snd_hda_intel 0000:00:1f.3: enabling device (0100 -> 0102)
[Fri Feb 24 09:33:15 2023] snd_hda_intel 0000:00:1f.3: bound 0000:00:02.0 (ops i915_audio_component_bind_ops [i915])
[Fri Feb 24 09:33:15 2023] iTCO_vendor_support: vendor-support=0
[Fri Feb 24 09:33:15 2023] snd_hda_intel 0000:00:1f.3: irq 131 for MSI/MSI-X
[Fri Feb 24 09:33:15 2023] iTCO_wdt: Intel TCO WatchDog Timer Driver v1.11
[Fri Feb 24 09:33:15 2023] iTCO_wdt: Found a Intel PCH TCO device (Version=6, TCOBASE=0x0400)
[Fri Feb 24 09:33:15 2023] iTCO_wdt: initialized. heartbeat=30 sec (nowayout=0)
[Fri Feb 24 09:33:15 2023] snd_hda_codec_conexant hdaudioC0D0: CX20632: BIOS auto-probing.
[Fri Feb 24 09:33:15 2023] snd_hda_codec_conexant hdaudioC0D0: autoconfig for CX20632: line_outs=1 (0x18/0x0/0x0/0x0/0x0) type:line
[Fri Feb 24 09:33:15 2023] snd_hda_codec_conexant hdaudioC0D0:    speaker_outs=1 (0x1f/0x0/0x0/0x0/0x0)
[Fri Feb 24 09:33:15 2023] snd_hda_codec_conexant hdaudioC0D0:    hp_outs=2 (0x19/0x1c/0x0/0x0/0x0)
[Fri Feb 24 09:33:15 2023] snd_hda_codec_conexant hdaudioC0D0:    mono: mono_out=0x0
[Fri Feb 24 09:33:15 2023] snd_hda_codec_conexant hdaudioC0D0:    inputs:
[Fri Feb 24 09:33:15 2023] snd_hda_codec_conexant hdaudioC0D0:      Mic=0x1a
[Fri Feb 24 09:33:15 2023] snd_hda_codec_conexant hdaudioC0D0:      Line=0x1d
[Fri Feb 24 09:33:15 2023] snd_hda_codec_conexant hdaudioC0D0: Enable sync_write for stable communication
[Fri Feb 24 09:33:15 2023] input: HDA Intel PCH Mic as /devices/pci0000:00/0000:00:1f.3/sound/card0/input9
[Fri Feb 24 09:33:15 2023] input: HDA Intel PCH Line as /devices/pci0000:00/0000:00:1f.3/sound/card0/input10
[Fri Feb 24 09:33:15 2023] input: HDA Intel PCH Line Out as /devices/pci0000:00/0000:00:1f.3/sound/card0/input11
[Fri Feb 24 09:33:15 2023] input: HDA Intel PCH Front Headphone as /devices/pci0000:00/0000:00:1f.3/sound/card0/input12
[Fri Feb 24 09:33:15 2023] input: HDA Intel PCH Front Headphone as /devices/pci0000:00/0000:00:1f.3/sound/card0/input13
[Fri Feb 24 09:33:15 2023] input: HDA Intel PCH HDMI/DP,pcm=3 as /devices/pci0000:00/0000:00:1f.3/sound/card0/input14
[Fri Feb 24 09:33:15 2023] input: HDA Intel PCH HDMI/DP,pcm=7 as /devices/pci0000:00/0000:00:1f.3/sound/card0/input15
[Fri Feb 24 09:33:15 2023] input: HDA Intel PCH HDMI/DP,pcm=8 as /devices/pci0000:00/0000:00:1f.3/sound/card0/input16
[Fri Feb 24 09:33:15 2023] input: HDA Intel PCH HDMI/DP,pcm=9 as /devices/pci0000:00/0000:00:1f.3/sound/card0/input17
[Fri Feb 24 09:33:15 2023] input: HDA Intel PCH HDMI/DP,pcm=10 as /devices/pci0000:00/0000:00:1f.3/sound/card0/input18
[Fri Feb 24 09:33:15 2023] audit_printk_skb: 24 callbacks suppressed
[Fri Feb 24 09:33:15 2023] type=1400 audit(1677223996.934:20): avc:  denied  { read } for  pid=729 comm="alsactl" path="/usr/lib64/ld-2.17.so" dev="dm-0" ino=268833718 scontext=system_u:system_r:alsa_t:s0-s0:c0.c1023 tcontext=system_u:object_r:unlabeled_t:s0 tclass=file permissive=1
[Fri Feb 24 09:33:15 2023] type=1400 audit(1677223996.934:21): avc:  denied  { execute } for  pid=729 comm="alsactl" path="/usr/lib64/ld-2.17.so" dev="dm-0" ino=268833718 scontext=system_u:system_r:alsa_t:s0-s0:c0.c1023 tcontext=system_u:object_r:unlabeled_t:s0 tclass=file permissive=1
[Fri Feb 24 09:33:15 2023] type=1400 audit(1677223996.936:22): avc:  denied  { read } for  pid=729 comm="alsactl" name="libm.so.6" dev="dm-0" ino=269554389 scontext=system_u:system_r:alsa_t:s0-s0:c0.c1023 tcontext=system_u:object_r:unlabeled_t:s0 tclass=lnk_file permissive=1
[Fri Feb 24 09:33:15 2023] type=1400 audit(1677223996.936:23): avc:  denied  { open } for  pid=729 comm="alsactl" path="/usr/lib64/libm-2.17.so" dev="dm-0" ino=268838833 scontext=system_u:system_r:alsa_t:s0-s0:c0.c1023 tcontext=system_u:object_r:unlabeled_t:s0 tclass=file permissive=1
[Fri Feb 24 09:33:15 2023] type=1400 audit(1677223996.936:24): avc:  denied  { getattr } for  pid=729 comm="alsactl" path="/usr/lib64/libm-2.17.so" dev="dm-0" ino=268838833 scontext=system_u:system_r:alsa_t:s0-s0:c0.c1023 tcontext=system_u:object_r:unlabeled_t:s0 tclass=file permissive=1
[Fri Feb 24 09:33:15 2023] intel_rapl: Found RAPL domain package
[Fri Feb 24 09:33:15 2023] intel_rapl: Found RAPL domain core
[Fri Feb 24 09:33:15 2023] intel_rapl: Found RAPL domain uncore
[Fri Feb 24 09:33:15 2023] intel_rapl: Found RAPL domain dram
[Fri Feb 24 09:33:15 2023] intel_pmc_core:  initialized
[Fri Feb 24 09:33:16 2023] Adding 31252476k swap on /dev/mapper/centos-swap.  Priority:-2 extents:1 across:31252476k FS
[Fri Feb 24 09:33:16 2023] XFS (sda2): Mounting V5 Filesystem
[Fri Feb 24 09:33:18 2023] XFS (dm-3): Mounting V5 Filesystem
[Fri Feb 24 09:33:19 2023] XFS (sda2): Starting recovery (logdev: internal)
[Fri Feb 24 09:33:19 2023] XFS (dm-3): Starting recovery (logdev: internal)
[Fri Feb 24 09:33:19 2023] XFS (dm-2): Mounting V5 Filesystem
[Fri Feb 24 09:33:19 2023] XFS (dm-3): Ending recovery (logdev: internal)
[Fri Feb 24 09:33:20 2023] XFS (sda2): Ending recovery (logdev: internal)
[Fri Feb 24 09:33:21 2023] FAT-fs (sda1): Volume was not properly unmounted. Some data may be corrupt. Please run fsck.
[Fri Feb 24 09:33:23 2023] XFS (dm-2): Starting recovery (logdev: internal)
[Fri Feb 24 09:33:24 2023] XFS (dm-2): Ending recovery (logdev: internal)
[Fri Feb 24 09:33:24 2023] type=1400 audit(1677224005.822:25): avc:  denied  { execute } for  pid=833 comm="restorecon" path="/usr/lib64/ld-2.17.so" dev="dm-0" ino=268833718 scontext=system_u:system_r:setfiles_t:s0 tcontext=system_u:object_r:unlabeled_t:s0 tclass=file permissive=1
[Fri Feb 24 09:33:24 2023] type=1400 audit(1677224005.846:26): avc:  denied  { execute } for  pid=836 comm="systemd-tmpfile" path="/usr/lib64/ld-2.17.so" dev="dm-0" ino=268833718 scontext=system_u:system_r:systemd_tmpfiles_t:s0 tcontext=system_u:object_r:unlabeled_t:s0 tclass=file permissive=1
[Fri Feb 24 09:33:25 2023] type=1400 audit(1677224006.979:27): avc:  denied  { read } for  pid=838 comm="auditd" path="/usr/lib64/ld-2.17.so" dev="dm-0" ino=268833718 scontext=system_u:system_r:auditd_t:s0 tcontext=system_u:object_r:unlabeled_t:s0 tclass=file permissive=1
[Fri Feb 24 09:33:25 2023] type=1400 audit(1677224006.979:28): avc:  denied  { execute } for  pid=838 comm="auditd" path="/usr/lib64/ld-2.17.so" dev="dm-0" ino=268833718 scontext=system_u:system_r:auditd_t:s0 tcontext=system_u:object_r:unlabeled_t:s0 tclass=file permissive=1
[Fri Feb 24 09:33:25 2023] type=1400 audit(1677224006.979:29): avc:  denied  { read } for  pid=838 comm="auditd" name="libnsl.so.1" dev="dm-0" ino=269554390 scontext=system_u:system_r:auditd_t:s0 tcontext=system_u:object_r:unlabeled_t:s0 tclass=lnk_file permissive=1
[Fri Feb 24 09:33:25 2023] type=1400 audit(1677224006.979:30): avc:  denied  { open } for  pid=838 comm="auditd" path="/usr/lib64/libnsl-2.17.so" dev="dm-0" ino=268838835 scontext=system_u:system_r:auditd_t:s0 tcontext=system_u:object_r:unlabeled_t:s0 tclass=file permissive=1
[Fri Feb 24 09:33:25 2023] type=1400 audit(1677224006.979:31): avc:  denied  { getattr } for  pid=838 comm="auditd" path="/usr/lib64/libnsl-2.17.so" dev="dm-0" ino=268838835 scontext=system_u:system_r:auditd_t:s0 tcontext=system_u:object_r:unlabeled_t:s0 tclass=file permissive=1
[Fri Feb 24 09:33:25 2023] type=1400 audit(1677224006.983:32): avc:  denied  { read } for  pid=841 comm="rpc.idmapd" path="/usr/lib64/ld-2.17.so" dev="dm-0" ino=268833718 scontext=system_u:system_r:rpcd_t:s0 tcontext=system_u:object_r:unlabeled_t:s0 tclass=file permissive=1
[Fri Feb 24 09:33:25 2023] type=1400 audit(1677224006.983:33): avc:  denied  { execute } for  pid=841 comm="rpc.idmapd" path="/usr/lib64/ld-2.17.so" dev="dm-0" ino=268833718 scontext=system_u:system_r:rpcd_t:s0 tcontext=system_u:object_r:unlabeled_t:s0 tclass=file permissive=1
[Fri Feb 24 09:33:25 2023] type=1400 audit(1677224006.989:34): avc:  denied  { read } for  pid=841 comm="rpc.idmapd" name="libc.so.6" dev="dm-0" ino=269554385 scontext=system_u:system_r:rpcd_t:s0 tcontext=system_u:object_r:unlabeled_t:s0 tclass=lnk_file permissive=1
[Fri Feb 24 09:33:28 2023] ip6_tables: (C) 2000-2006 Netfilter Core Team
[Fri Feb 24 09:33:28 2023] Ebtables v2.0 registered
[Fri Feb 24 09:33:28 2023] ip_set: protocol 7
[Fri Feb 24 09:33:28 2023] nf_conntrack version 0.5.0 (65536 buckets, 262144 max)
[Fri Feb 24 09:33:28 2023] bridge: filtering via arp/ip/ip6tables is no longer available by default. Update your scripts to load br_netfilter if you need this.
[Fri Feb 24 09:33:29 2023] cp210x ttyUSB1: failed set req 0x1e size 4 status: -32
[Fri Feb 24 09:33:29 2023] cp210x ttyUSB1: failed to set baud rate to 300
[Fri Feb 24 09:33:29 2023] cp210x ttyUSB3: failed set req 0x1e size 4 status: -32
[Fri Feb 24 09:33:29 2023] cp210x ttyUSB3: failed to set baud rate to 300
[Fri Feb 24 09:33:31 2023] IPv6: ADDRCONF(NETDEV_UP): eno1: link is not ready
[Fri Feb 24 09:33:32 2023] e1000e 0000:00:1f.6: irq 124 for MSI/MSI-X
[Fri Feb 24 09:33:32 2023] e1000e 0000:00:1f.6: irq 124 for MSI/MSI-X
[Fri Feb 24 09:33:32 2023] IPv6: ADDRCONF(NETDEV_UP): eno1: link is not ready
[Fri Feb 24 09:33:32 2023] IPv6: ADDRCONF(NETDEV_UP): enp1s0: link is not ready
[Fri Feb 24 09:33:32 2023] IPv6: ADDRCONF(NETDEV_UP): enp1s0: link is not ready
[Fri Feb 24 09:33:32 2023] 8021q: 802.1Q VLAN Support v1.8
[Fri Feb 24 09:33:32 2023] 8021q: adding VLAN 0 to HW filter on device enp1s0
[Fri Feb 24 09:33:32 2023] IPv6: ADDRCONF(NETDEV_UP): enp1s0.258: link is not ready
[Fri Feb 24 09:33:32 2023] IPv6: ADDRCONF(NETDEV_UP): enp1s0.258: link is not ready
[Fri Feb 24 09:33:32 2023] IPv6: ADDRCONF(NETDEV_UP): enp1s0.257: link is not ready
[Fri Feb 24 09:33:32 2023] IPv6: ADDRCONF(NETDEV_UP): enp1s0.257: link is not ready
[Fri Feb 24 09:33:34 2023] e1000e: enp1s0 NIC Link is Up 1000 Mbps Full Duplex, Flow Control: Rx/Tx
[Fri Feb 24 09:33:34 2023] IPv6: ADDRCONF(NETDEV_CHANGE): enp1s0: link becomes ready
[Fri Feb 24 09:33:34 2023] IPv6: ADDRCONF(NETDEV_CHANGE): enp1s0.257: link becomes ready
[Fri Feb 24 09:33:34 2023] IPv6: ADDRCONF(NETDEV_CHANGE): enp1s0.258: link becomes ready
[Fri Feb 24 09:33:35 2023] e1000e: eno1 NIC Link is Up 1000 Mbps Full Duplex, Flow Control: Rx/Tx
[Fri Feb 24 09:33:35 2023] IPv6: ADDRCONF(NETDEV_CHANGE): eno1: link becomes ready
[Fri Feb 24 09:33:36 2023] NFSD: starting 90-second grace period (net ffffffffb6b16180)
[Fri Feb 24 09:33:36 2023] FS-Cache: Loaded
[Fri Feb 24 09:33:36 2023] FS-Cache: Netfs 'nfs' registered for caching
[Fri Feb 24 09:33:36 2023] Key type dns_resolver registered
[Fri Feb 24 09:33:36 2023] NFS: Registering the id_resolver key type
[Fri Feb 24 09:33:36 2023] Key type id_resolver registered
[Fri Feb 24 09:33:36 2023] Key type id_legacy registered
[Fri Feb 24 09:33:37 2023] tun: Universal TUN/TAP device driver, 1.6
[Fri Feb 24 09:33:37 2023] tun: (C) 1999-2004 Max Krasnyansky <maxk@qualcomm.com>
[Fri Feb 24 09:33:37 2023] virbr0: port 1(virbr0-nic) entered blocking state
[Fri Feb 24 09:33:37 2023] virbr0: port 1(virbr0-nic) entered disabled state
[Fri Feb 24 09:33:37 2023] device virbr0-nic entered promiscuous mode
[Fri Feb 24 09:33:37 2023] virbr0: port 1(virbr0-nic) entered blocking state
[Fri Feb 24 09:33:37 2023] virbr0: port 1(virbr0-nic) entered listening state
[Fri Feb 24 09:33:37 2023] IPv6: ADDRCONF(NETDEV_UP): virbr0: link is not ready
[Fri Feb 24 09:33:37 2023] virbr0: port 1(virbr0-nic) entered disabled state
[Fri Feb 24 09:33:42 2023] cp210x ttyUSB1: failed set req 0x1e size 4 status: -32
[Fri Feb 24 09:33:42 2023] cp210x ttyUSB1: failed to set baud rate to 300
[Fri Feb 24 09:33:42 2023] cp210x ttyUSB3: failed set req 0x1e size 4 status: -32
[Fri Feb 24 09:33:42 2023] cp210x ttyUSB3: failed to set baud rate to 300
[Fri Feb 24 09:34:23 2023] rfkill: input handler disabled
[Fri Feb 24 09:34:33 2023] TCP: lp registered
[Fri Feb 24 09:36:58 2023] cp210x ttyUSB1: usb_serial_generic_read_bulk_callback - urb stopped: -32
[Fri Feb 24 09:36:58 2023] cp210x ttyUSB1: usb_serial_generic_read_bulk_callback - urb stopped: -32
[Fri Feb 24 09:36:58 2023] usb 1-13.1: USB disconnect, device number 5
[Fri Feb 24 09:36:58 2023] cp210x ttyUSB0: cp210x converter now disconnected from ttyUSB0
[Fri Feb 24 09:36:58 2023] cp210x 1-13.1:1.0: device disconnected
[Fri Feb 24 09:36:58 2023] cp210x ttyUSB1: failed set request 0x12 status: -19
[Fri Feb 24 09:36:58 2023] cp210x ttyUSB1: failed set request 0x0 status: -19
[Fri Feb 24 09:36:58 2023] cp210x ttyUSB1: cp210x converter now disconnected from ttyUSB1
[Fri Feb 24 09:36:58 2023] cp210x 1-13.1:1.1: device disconnected
[Mon Feb 27 00:38:37 2023] perf: interrupt took too long (2517 > 2500), lowering kernel.perf_event_max_sample_rate to 79000
[Mon Feb 27 23:03:05 2023] perf: interrupt took too long (3160 > 3146), lowering kernel.perf_event_max_sample_rate to 63000
[Wed Mar  1 15:32:57 2023] perf: interrupt took too long (3956 > 3950), lowering kernel.perf_event_max_sample_rate to 50000
[Thu Mar  2 18:29:19 2023] RPC: fragment too large: 1735489335
[Thu Mar  2 18:29:27 2023] RPC: fragment too large: 369295616
[Thu Mar  2 18:29:27 2023] RPC: fragment too large: 369295618
[Thu Mar  2 18:29:27 2023] RPC: fragment too large: 369295618
[Thu Mar  2 18:29:27 2023] RPC: fragment too large: 369295618
[Thu Mar  2 18:29:27 2023] RPC: fragment too large: 369295618
[Thu Mar  2 18:29:27 2023] RPC: fragment too large: 369296128
[Thu Mar  2 18:29:27 2023] RPC: fragment too large: 369295618
[Thu Mar  2 18:29:27 2023] RPC: fragment too large: 369295618
[Thu Mar  2 18:29:27 2023] RPC: fragment too large: 369295616
[Thu Mar  2 18:29:27 2023] RPC: fragment too large: 369295616
[Thu Mar  2 18:29:37 2023] net_ratelimit: 13 callbacks suppressed
[Thu Mar  2 18:29:37 2023] RPC: fragment too large: 1196315988
[Thu Mar  2 18:29:37 2023] RPC: fragment too large: 1195725856
[Thu Mar  2 18:29:37 2023] RPC: fragment too large: 67223279
[Thu Mar  2 18:29:37 2023] RPC: fragment too large: 1145655821
[Thu Mar  2 18:29:37 2023] RPC: fragment too large: 671088640
[Thu Mar  2 18:29:37 2023] RPC: fragment too large: 1886745701
[Thu Mar  2 18:29:37 2023] RPC: fragment too large: 1937006964
[Thu Mar  2 18:29:37 2023] RPC: fragment too large: 1665662976
[Thu Mar  2 18:29:37 2023] RPC: fragment too large: 1665073152
[Thu Mar  2 18:29:37 2023] RPC: fragment too large: 302055450
[Thu Mar  2 18:29:45 2023] RPC: fragment too large: 268501205
[Thu Mar  2 18:29:45 2023] RPC: fragment too large: 1195725856
[Thu Mar  2 18:29:46 2023] RPC: fragment too large: 50331667
[Thu Mar  2 18:29:46 2023] RPC: fragment too large: 50331659
[Thu Mar  2 18:29:52 2023] RPC: fragment too large: 1195725856
[Thu Mar  2 18:29:52 2023] RPC: fragment too large: 1195725856
[Thu Mar  2 18:29:52 2023] RPC: fragment too large: 1195725856
[Thu Mar  2 18:29:52 2023] RPC: fragment too large: 1195725856
[Thu Mar  2 18:29:52 2023] RPC: fragment too large: 1212498244
[Thu Mar  2 18:29:52 2023] RPC: fragment too large: 33554944
[Thu Mar  2 18:29:52 2023] RPC: fragment too large: 16777216
[Thu Mar  2 18:29:52 2023] RPC: fragment too large: 1414744096
[Thu Mar  2 18:29:52 2023] RPC: fragment too large: 1010792557
[Thu Mar  2 18:29:52 2023] RPC: fragment too large: 83888896
[Thu Mar  2 18:30:00 2023] net_ratelimit: 6 callbacks suppressed
[Thu Mar  2 18:30:00 2023] RPC: fragment too large: 1509949440
[Thu Mar  2 18:30:00 2023] RPC: fragment too large: 1245992784
[Thu Mar  2 18:30:00 2023] RPC: fragment too large: 1229866575
[Thu Mar  2 18:30:08 2023] RPC: fragment too large: 305397761
[Thu Mar  2 18:30:08 2023] RPC: fragment too large: 1229866575
[Thu Mar  2 18:30:16 2023] RPC: fragment too large: 1090519040
[Thu Mar  2 18:30:32 2023] RPC: fragment too large: 469762048
[Thu Mar  2 18:30:40 2023] RPC: fragment too large: 1247096314
[Thu Mar  2 18:30:40 2023] RPC: fragment too large: 369295616
[Thu Mar  2 18:30:48 2023] RPC: fragment too large: 1224736768
[Thu Mar  2 18:30:48 2023] RPC: fragment too large: 1404416
[Thu Mar  2 18:30:48 2023] RPC: fragment too large: 1986359923
[Thu Mar  2 18:31:05 2023] RPC: fragment too large: 1701738089
[Thu Mar  2 18:31:05 2023] RPC: fragment too large: 2130706432
[Thu Mar  2 18:31:13 2023] RPC: fragment too large: 611406709
[Thu Mar  2 18:31:13 2023] RPC: fragment too large: 1347375956
[Wed Mar  8 17:47:47 2023] RPC: fragment too large: 1735489335
[Wed Mar  8 17:47:55 2023] RPC: fragment too large: 369295616
[Wed Mar  8 17:47:55 2023] RPC: fragment too large: 369295618
[Wed Mar  8 17:47:55 2023] RPC: fragment too large: 369295618
[Wed Mar  8 17:47:55 2023] RPC: fragment too large: 369295618
[Wed Mar  8 17:47:55 2023] RPC: fragment too large: 369295618
[Wed Mar  8 17:47:55 2023] RPC: fragment too large: 369296128
[Wed Mar  8 17:47:55 2023] RPC: fragment too large: 369295618
[Wed Mar  8 17:47:55 2023] RPC: fragment too large: 369295618
[Wed Mar  8 17:47:55 2023] RPC: fragment too large: 369295616
[Wed Mar  8 17:47:55 2023] RPC: fragment too large: 369295616
[Wed Mar  8 17:48:05 2023] net_ratelimit: 13 callbacks suppressed
[Wed Mar  8 17:48:05 2023] RPC: fragment too large: 1196315988
[Wed Mar  8 17:48:05 2023] RPC: fragment too large: 1195725856
[Wed Mar  8 17:48:05 2023] RPC: fragment too large: 67223279
[Wed Mar  8 17:48:05 2023] RPC: fragment too large: 1145655821
[Wed Mar  8 17:48:05 2023] RPC: fragment too large: 671088640
[Wed Mar  8 17:48:05 2023] RPC: fragment too large: 1886745701
[Wed Mar  8 17:48:05 2023] RPC: fragment too large: 1937006964
[Wed Mar  8 17:48:05 2023] RPC: fragment too large: 1665662976
[Wed Mar  8 17:48:05 2023] RPC: fragment too large: 1665073152
[Wed Mar  8 17:48:05 2023] RPC: fragment too large: 302055450
[Wed Mar  8 17:48:13 2023] RPC: fragment too large: 268501205
[Wed Mar  8 17:48:13 2023] RPC: fragment too large: 1195725856
[Wed Mar  8 17:48:13 2023] RPC: fragment too large: 50331667
[Wed Mar  8 17:48:14 2023] RPC: fragment too large: 50331659
[Wed Mar  8 17:48:20 2023] RPC: fragment too large: 1195725856
[Wed Mar  8 17:48:20 2023] RPC: fragment too large: 1195725856
[Wed Mar  8 17:48:20 2023] RPC: fragment too large: 1195725856
[Wed Mar  8 17:48:20 2023] RPC: fragment too large: 1195725856
[Wed Mar  8 17:48:20 2023] RPC: fragment too large: 1212498244
[Wed Mar  8 17:48:20 2023] RPC: fragment too large: 33554944
[Wed Mar  8 17:48:20 2023] RPC: fragment too large: 16777216
[Wed Mar  8 17:48:20 2023] RPC: fragment too large: 1414744096
[Wed Mar  8 17:48:20 2023] RPC: fragment too large: 1010792557
[Wed Mar  8 17:48:20 2023] RPC: fragment too large: 83888896
[Wed Mar  8 17:48:28 2023] net_ratelimit: 6 callbacks suppressed
[Wed Mar  8 17:48:28 2023] RPC: fragment too large: 1509949440
[Wed Mar  8 17:48:28 2023] RPC: fragment too large: 1245992784
[Wed Mar  8 17:48:28 2023] RPC: fragment too large: 1229866575
[Wed Mar  8 17:48:36 2023] RPC: fragment too large: 305397761
[Wed Mar  8 17:48:36 2023] RPC: fragment too large: 1229866575
[Wed Mar  8 17:48:44 2023] RPC: fragment too large: 1090519040
[Wed Mar  8 17:49:00 2023] RPC: fragment too large: 469762048
[Wed Mar  8 17:49:08 2023] RPC: fragment too large: 1247096314
[Wed Mar  8 17:49:08 2023] RPC: fragment too large: 369295616
[Wed Mar  8 17:49:16 2023] RPC: fragment too large: 1224736768
[Wed Mar  8 17:49:16 2023] RPC: fragment too large: 1404416
[Wed Mar  8 17:49:16 2023] RPC: fragment too large: 1986359923
[Wed Mar  8 17:49:33 2023] RPC: fragment too large: 1701738089
[Wed Mar  8 17:49:33 2023] RPC: fragment too large: 2130706432
[Wed Mar  8 17:49:41 2023] RPC: fragment too large: 611406709
[Wed Mar  8 17:49:41 2023] RPC: fragment too large: 1347375956
